BL51 BANKED LINKER/LOCATER V6.22                                                        05/26/2022  15:33:48  PAGE 1


BL51 BANKED LINKER/LOCATER V6.22, INVOKED BY:
C:\KEIL_V5\C51\BIN\BL51.EXE .\main.obj, .\GCE_System_Time.obj, .\ADC_API.obj, .\EXV_API.obj, .\Motor_API.obj, .\IO_API.o
>> bj, .\General_Func.obj, .\Communication_API.obj, .\SHT30_I2C.obj, .\GCE_EXT_Driver.obj, .\GCE_Timer_Driver.obj, .\GCE
>> _ADC_Driver.obj, .\EXV_driver.obj, .\Communication_Driver.obj, .\GCE_UART_Driver.obj, .\GCE_MCU_Init.obj, .\GCE_MCU_I
>> nterrupt.obj, STARTUP_F03.obj TO S1392P_R00 RAMSIZE (256)


MEMORY MODEL: SMALL


INPUT MODULES INCLUDED:
  .\main.obj (MAIN)
  .\GCE_System_Time.obj (GCE_SYSTEM_TIME)
  .\ADC_API.obj (ADC_API)
  .\EXV_API.obj (EXV_API)
  .\Motor_API.obj (MOTOR_API)
  .\IO_API.obj (IO_API)
  .\General_Func.obj (GENERAL_FUNC)
  .\Communication_API.obj (COMMUNICATION_API)
  .\SHT30_I2C.obj (SHT30_I2C)
  .\GCE_EXT_Driver.obj (GCE_EXT_DRIVER)
  .\GCE_Timer_Driver.obj (GCE_TIMER_DRIVER)
  .\GCE_ADC_Driver.obj (GCE_ADC_DRIVER)
  .\EXV_driver.obj (EXV_DRIVER)
  .\Communication_Driver.obj (COMMUNICATION_DRIVER)
  .\GCE_UART_Driver.obj (GCE_UART_DRIVER)
  .\GCE_MCU_Init.obj (GCE_MCU_INIT)
  .\GCE_MCU_Interrupt.obj (GCE_MCU_INTERRUPT)
  STARTUP_F03.obj (?C_STARTUP)
  C:\KEIL_V5\C51\LIB\C51S.LIB (?C_INIT)
  C:\KEIL_V5\C51\LIB\C51S.LIB (?C?COPY)
  C:\KEIL_V5\C51\LIB\C51S.LIB (?C?CLDOPTR)
  C:\KEIL_V5\C51\LIB\C51S.LIB (?C?CSTOPTR)
  C:\KEIL_V5\C51\LIB\C51S.LIB (?C?LMUL)
  C:\KEIL_V5\C51\LIB\C51S.LIB (?C?ULDIV)
  C:\KEIL_V5\C51\LIB\C51S.LIB (?C?ULCMP)
  C:\KEIL_V5\C51\LIB\C51S.LIB (?C?ULSHR)
  C:\KEIL_V5\C51\LIB\C51S.LIB (?C?LSHL)
  C:\KEIL_V5\C51\LIB\C51S.LIB (?C?LLDIIDATA)
  C:\KEIL_V5\C51\LIB\C51S.LIB (?C?LSTXDATA)
  C:\KEIL_V5\C51\LIB\C51S.LIB (?C?LSTKXDATA)


LINK MAP OF MODULE:  S1392P_R00 (MAIN)


            TYPE    BASE      LENGTH    RELOCATION   SEGMENT NAME
            -----------------------------------------------------

            * * * * * * *   D A T A   M E M O R Y   * * * * * * *
            REG     0000H     0008H     ABSOLUTE     "REG BANK 0"
            DATA    0008H     0011H     UNIT         ?DT?GCE_SYSTEM_TIME
            DATA    0019H     000DH     UNIT         _DATA_GROUP_
            DATA    0026H     0006H     UNIT         ?DT?EXV_API
            DATA    002CH     0003H     UNIT         ?DT?GCE_ADC_DRIVER
            DATA    002FH     0001H     UNIT         ?DT?SHT30_I2C
            DATA    0030H     0001H     UNIT         ?DT?GCE_TIMER_DRIVER
            DATA    0031H     0001H     UNIT         ?DT?GCE_MCU_INTERRUPT
BL51 BANKED LINKER/LOCATER V6.22                                                      05/26/2022  15:33:48  PAGE 2


            IDATA   0032H     0001H     UNIT         ?STACK

            * * * * * * *  X D A T A   M E M O R Y  * * * * * * *
            XDATA   0000H     0018H     UNIT         ?XD?COMMUNICATION_DRIVER
            XDATA   0018H     0012H     UNIT         ?XD?GCE_ADC_DRIVER
            XDATA   002AH     000DH     UNIT         ?XD?SHT30_I2C
            XDATA   0037H     0009H     UNIT         ?XD?MOTOR_API
            XDATA   0040H     0009H     UNIT         ?XD?EXV_DRIVER
            XDATA   0049H     0006H     UNIT         ?XD?IO_API
            XDATA   004FH     0004H     UNIT         ?XD?EXV_API
            XDATA   0053H     0004H     UNIT         ?XD?GENERAL_FUNC
            XDATA   0057H     0002H     UNIT         ?XD?COMMUNICATION_API
            XDATA   0059H     0001H     UNIT         ?XD?MAIN

            * * * * * * *   C O D E   M E M O R Y   * * * * * * *
            CODE    0000H     0003H     ABSOLUTE     
            CODE    0003H     0003H     ABSOLUTE     
            CODE    0006H     000CH     UNIT         ?PR?COMMUNICATION_DEAL?COMMUNICATION_API
            CODE    0012H     0001H     UNIT         ?CO?COMMUNICATION_API
            CODE    0013H     0003H     ABSOLUTE     
            CODE    0016H     0024H     UNIT         ?PR?I2C_STOP?SHT30_I2C
            CODE    003AH     0001H     UNIT         ?PR?INTERRUPT_INT5_VECTOR?GCE_MCU_INTERRUPT
            CODE    003BH     0003H     ABSOLUTE     
            CODE    003EH     0004H     UNIT         ?PR?WATCHDOG_INIT?GCE_MCU_INIT
                    0042H     0001H                  *** GAP ***
            CODE    0043H     0003H     ABSOLUTE     
            CODE    0046H     0004H     UNIT         ?PR?PRIORITY_INIT?GCE_MCU_INIT
                    004AH     0001H                  *** GAP ***
            CODE    004BH     0003H     ABSOLUTE     
            CODE    004EH     0003H     UNIT         ?PR?ADC_DEAL?ADC_API
                    0051H     0002H                  *** GAP ***
            CODE    0053H     0003H     ABSOLUTE     
            CODE    0056H     0003H     UNIT         ?PR?DI_READ?IO_API
                    0059H     0002H                  *** GAP ***
            CODE    005BH     0003H     ABSOLUTE     
            CODE    005EH     02F6H     UNIT         ?C?LIB_CODE
            CODE    0354H     0204H     UNIT         ?PR?EXV_UD_LIGIC?EXV_API
            CODE    0558H     01A1H     UNIT         ?PR?_ADC_SAMPLE_LOOP?GCE_ADC_DRIVER
            CODE    06F9H     015BH     UNIT         ?PR?SHT30_DEAL?SHT30_I2C
            CODE    0854H     012DH     UNIT         ?PR?FAN_PWM_DEAL?MOTOR_API
            CODE    0981H     0102H     UNIT         ?C_INITSEG
            CODE    0A83H     00F6H     UNIT         ?PR?COMMUNICATION_TXD_IRQ?COMMUNICATION_DRIVER
            CODE    0B79H     00D7H     UNIT         ?PR?EXV_UD_RUN?EXV_DRIVER
            CODE    0C50H     00D0H     UNIT         ?PR?COMMUNICATION_RXD_IRQ?COMMUNICATION_DRIVER
            CODE    0D20H     00CDH     UNIT         ?C_C51STARTUP
            CODE    0DEDH     00CBH     UNIT         ?PR?TXD_DATA_PROTOCOL?COMMUNICATION_API
            CODE    0EB8H     00ADH     UNIT         ?PR?IO_INIT?GCE_MCU_INIT
            CODE    0F65H     0084H     UNIT         ?PR?RXD_DATA_PROTOCL?COMMUNICATION_API
            CODE    0FE9H     0076H     UNIT         ?PR?ADC_SAMPLE?GCE_ADC_DRIVER
            CODE    105FH     005FH     UNIT         ?PR?PRG_S_MOTOR?MOTOR_API
            CODE    10BEH     0057H     UNIT         ?PR?COMMUNICATION_TXD?COMMUNICATION_API
            CODE    1115H     0053H     UNIT         ?PR?SYSTEMTIMESGENERATE?GCE_SYSTEM_TIME
            CODE    1168H     0052H     UNIT         ?PR?INTERRUPT_INT2_VECTOR?GCE_MCU_INTERRUPT
            CODE    11BAH     004DH     UNIT         ?PR?_SHT30_READ_TEMP_HUMI?SHT30_I2C
            CODE    1207H     0043H     UNIT         ?PR?EXV_CONTROL?EXV_API
            CODE    124AH     0041H     UNIT         ?PR?MAIN?MAIN
            CODE    128BH     0040H     UNIT         ?PR?MOTOR_POWER_DEAL?MOTOR_API
BL51 BANKED LINKER/LOCATER V6.22                                                      05/26/2022  15:33:48  PAGE 3


            CODE    12CBH     0040H     UNIT         ?PR?COMMUNICATION_RXD?COMMUNICATION_API
            CODE    130BH     003EH     UNIT         ?PR?INTERRUPT_INT0_VECTOR?GCE_MCU_INTERRUPT
            CODE    1349H     003EH     UNIT         ?PR?INTERRUPT_INT1_VECTOR?GCE_MCU_INTERRUPT
            CODE    1387H     003BH     UNIT         ?PR?_CRC8_COMPUTE?SHT30_I2C
            CODE    13C2H     003BH     UNIT         ?PR?_SEND_DATA?SHT30_I2C
            CODE    13FDH     003AH     UNIT         ?PR?GCE_TIMER0_IT?GCE_TIMER_DRIVER
            CODE    1437H     0039H     UNIT         ?PR?SLEEP_DEAL?GENERAL_FUNC
            CODE    1470H     0038H     UNIT         ?PR?_CRC_CHECK?COMMUNICATION_API
            CODE    14A8H     0037H     UNIT         ?PR?EXV_SELF_TEST?EXV_API
            CODE    14DFH     0037H     UNIT         ?PR?_I2C_READBYTE?SHT30_I2C
            CODE    1516H     0036H     UNIT         ?PR?STARTUP_INIT?GCE_MCU_INIT
            CODE    154CH     0035H     UNIT         ?PR?_WATER_IO_READ?IO_API
            CODE    1581H     0035H     UNIT         ?PR?_FILT_IO_READ?IO_API
            CODE    15B6H     0030H     UNIT         ?PR?I2C_ACK?SHT30_I2C
            CODE    15E6H     002DH     UNIT         ?PR?PWM0_INIT?GCE_MCU_INIT
            CODE    1613H     002CH     UNIT         ?PR?I2C_START?SHT30_I2C
            CODE    163FH     002BH     UNIT         ?PR?COMMUNICATION_RXD_IRQ_DEAL?COMMUNICATION_DRIVER
            CODE    166AH     0029H     UNIT         ?PR?MCU_INITIAL?GCE_MCU_INIT
            CODE    1693H     0028H     UNIT         ?PR?PRG_COMMUNICATION_10MS?COMMUNICATION_API
            CODE    16BBH     0028H     UNIT         ?PR?_I2C_SENDBYTE?SHT30_I2C
            CODE    16E3H     0028H     UNIT         ?PR?_EXV_UD_OUT?EXV_DRIVER
            CODE    170BH     0028H     UNIT         ?PR?INTERRUPT_INT3_VECTOR?GCE_MCU_INTERRUPT
            CODE    1733H     0027H     UNIT         ?PR?I2C_NACK?SHT30_I2C
            CODE    175AH     0026H     UNIT         ?PR?PRG_COMMUNICATION_1S?COMMUNICATION_API
            CODE    1780H     0024H     UNIT         ?PR?SHT30_INIT?SHT30_I2C
            CODE    17A4H     0023H     UNIT         ?PR?DO_OUTPUT?IO_API
            CODE    17C7H     0020H     UNIT         ?PR?_IIC_DELAY?SHT30_I2C
            CODE    17E7H     001EH     UNIT         ?PR?MOTOR_DATA_INIT?MOTOR_API
            CODE    1805H     001AH     UNIT         ?PR?PRG_GENERAL_FUNC_1S?GENERAL_FUNC
            CODE    181FH     001AH     UNIT         ?PR?I2C_DAT_INIT?SHT30_I2C
            CODE    1839H     0019H     UNIT         ?PR?PRG_MS10_IO?IO_API
            CODE    1852H     0018H     UNIT         ?PR?MCU_ENTER_SLEEP?GCE_MCU_INIT
            CODE    186AH     0017H     UNIT         ?PR?MOTOR_DEAL?MOTOR_API
            CODE    1881H     0017H     UNIT         ?PR?TIMER0_INIT?GCE_MCU_INIT
            CODE    1898H     0016H     UNIT         ?PR?SHT30_SLEEP_DEAL?SHT30_I2C
            CODE    18AEH     0016H     UNIT         ?PR?EXT0_INIT?GCE_MCU_INIT
            CODE    18C4H     0015H     UNIT         ?PR?EXV_DATA_INIT?EXV_API
            CODE    18D9H     0014H     UNIT         ?PR?EXT1_INIT?GCE_MCU_INIT
            CODE    18EDH     000FH     UNIT         ?PR?ADC_INIT?GCE_MCU_INIT
            CODE    18FCH     000EH     UNIT         ?PR?GCE_EXT0_IT?GCE_EXT_DRIVER
            CODE    190AH     000EH     UNIT         ?PR?GCE_EXT1_IT?GCE_EXT_DRIVER
            CODE    1918H     000CH     UNIT         ?PR?___DELAY?GCE_MCU_INIT
            CODE    1924H     000BH     UNIT         ?PR?_DELAY?MAIN
            CODE    192FH     000BH     UNIT         ?PR?SYS_OFF?IO_API
            CODE    193AH     0008H     UNIT         ?CO?EXV_DRIVER
            CODE    1942H     0006H     UNIT         ?PR?IO_OPERATE?IO_API
            CODE    1948H     0006H     UNIT         ?PR?_ADC_INIT_CHANNEL?GCE_ADC_DRIVER
            CODE    194EH     0006H     UNIT         ?PR?INTERRUPT_INT4_VECTOR?GCE_MCU_INTERRUPT
            CODE    1954H     0006H     UNIT         ?PR?INTERRUPT_INT6_VECTOR?GCE_MCU_INTERRUPT
            CODE    195AH     0003H     UNIT         ?PR?GENERAL_FUNC_DEAL?GENERAL_FUNC



OVERLAY MAP OF MODULE:   S1392P_R00 (MAIN)


SEGMENT                                            DATA_GROUP 
BL51 BANKED LINKER/LOCATER V6.22                                                      05/26/2022  15:33:48  PAGE 4


  +--> CALLED SEGMENT                            START    LENGTH
----------------------------------------------------------------
?PR?INTERRUPT_INT0_VECTOR?GCE_MCU_INT...         -----    -----
  +--> ?PR?GCE_EXT0_IT?GCE_EXT_DRIVER

*** NEW ROOT ***************************************************

?PR?INTERRUPT_INT1_VECTOR?GCE_MCU_INT...         -----    -----
  +--> ?PR?GCE_EXT1_IT?GCE_EXT_DRIVER

*** NEW ROOT ***************************************************

?PR?INTERRUPT_INT2_VECTOR?GCE_MCU_INT...         -----    -----
  +--> ?PR?GCE_TIMER0_IT?GCE_TIMER_DRIVER
  +--> ?PR?SYSTEMTIMESGENERATE?GCE_SYSTEM_TIME

?PR?GCE_TIMER0_IT?GCE_TIMER_DRIVER               -----    -----
  +--> ?PR?COMMUNICATION_RXD_IRQ_DEAL?COMMUN...
  +--> ?PR?COMMUNICATION_TXD_IRQ?COMMUNICATI...
  +--> ?PR?EXV_UD_RUN?EXV_DRIVER

?PR?COMMUNICATION_RXD_IRQ_DEAL?COMMUN...         -----    -----
  +--> ?PR?COMMUNICATION_RXD_IRQ?COMMUNICATI...

?PR?EXV_UD_RUN?EXV_DRIVER                        -----    -----
  +--> ?CO?EXV_DRIVER
  +--> ?PR?_EXV_UD_OUT?EXV_DRIVER

*** NEW ROOT ***************************************************

?C_C51STARTUP                                    -----    -----
  +--> ?PR?MAIN?MAIN
  +--> ?C_INITSEG

?PR?MAIN?MAIN                                    -----    -----
  +--> ?PR?MCU_INITIAL?GCE_MCU_INIT
  +--> ?PR?SYS_OFF?IO_API
  +--> ?PR?ADC_DEAL?ADC_API
  +--> ?PR?SHT30_DEAL?SHT30_I2C
  +--> ?PR?EXV_CONTROL?EXV_API
  +--> ?PR?MOTOR_DEAL?MOTOR_API
  +--> ?PR?COMMUNICATION_DEAL?COMMUNICATION_API
  +--> ?PR?IO_OPERATE?IO_API
  +--> ?PR?GENERAL_FUNC_DEAL?GENERAL_FUNC
  +--> ?PR?_DELAY?MAIN
  +--> ?PR?MCU_ENTER_SLEEP?GCE_MCU_INIT
  +--> ?PR?SLEEP_DEAL?GENERAL_FUNC

?PR?MCU_INITIAL?GCE_MCU_INIT                     -----    -----
  +--> ?PR?STARTUP_INIT?GCE_MCU_INIT
  +--> ?PR?IO_INIT?GCE_MCU_INIT
  +--> ?PR?TIMER0_INIT?GCE_MCU_INIT
  +--> ?PR?ADC_INIT?GCE_MCU_INIT
  +--> ?PR?PWM0_INIT?GCE_MCU_INIT
  +--> ?PR?EXT0_INIT?GCE_MCU_INIT
  +--> ?PR?EXT1_INIT?GCE_MCU_INIT
  +--> ?PR?WATCHDOG_INIT?GCE_MCU_INIT
BL51 BANKED LINKER/LOCATER V6.22                                                      05/26/2022  15:33:48  PAGE 5


  +--> ?PR?PRIORITY_INIT?GCE_MCU_INIT
  +--> ?PR?EXV_DATA_INIT?EXV_API
  +--> ?PR?MOTOR_DATA_INIT?MOTOR_API
  +--> ?PR?I2C_DAT_INIT?SHT30_I2C

?PR?STARTUP_INIT?GCE_MCU_INIT                    -----    -----
  +--> ?PR?___DELAY?GCE_MCU_INIT

?PR?PWM0_INIT?GCE_MCU_INIT                       0019H    0002H

?PR?SYS_OFF?IO_API                               -----    -----
  +--> ?PR?_EXV_UD_OUT?EXV_DRIVER

?PR?ADC_DEAL?ADC_API                             -----    -----
  +--> ?PR?ADC_SAMPLE?GCE_ADC_DRIVER

?PR?ADC_SAMPLE?GCE_ADC_DRIVER                    -----    -----
  +--> ?PR?_ADC_INIT_CHANNEL?GCE_ADC_DRIVER
  +--> ?PR?_ADC_SAMPLE_LOOP?GCE_ADC_DRIVER

?PR?_ADC_SAMPLE_LOOP?GCE_ADC_DRIVER              0019H    0008H

?PR?SHT30_DEAL?SHT30_I2C                         0019H    0005H
  +--> ?PR?SHT30_INIT?SHT30_I2C
  +--> ?PR?_SHT30_READ_TEMP_HUMI?SHT30_I2C
  +--> ?PR?_CRC8_COMPUTE?SHT30_I2C

?PR?SHT30_INIT?SHT30_I2C                         -----    -----
  +--> ?PR?I2C_START?SHT30_I2C
  +--> ?PR?_SEND_DATA?SHT30_I2C
  +--> ?PR?I2C_STOP?SHT30_I2C

?PR?I2C_START?SHT30_I2C                          -----    -----
  +--> ?PR?_IIC_DELAY?SHT30_I2C

?PR?_IIC_DELAY?SHT30_I2C                         0022H    0004H

?PR?_SEND_DATA?SHT30_I2C                         -----    -----
  +--> ?PR?_I2C_SENDBYTE?SHT30_I2C
  +--> ?PR?_IIC_DELAY?SHT30_I2C
  +--> ?PR?I2C_STOP?SHT30_I2C

?PR?_I2C_SENDBYTE?SHT30_I2C                      -----    -----
  +--> ?PR?_IIC_DELAY?SHT30_I2C

?PR?I2C_STOP?SHT30_I2C                           -----    -----
  +--> ?PR?_IIC_DELAY?SHT30_I2C

?PR?_SHT30_READ_TEMP_HUMI?SHT30_I2C              001EH    0004H
  +--> ?PR?I2C_START?SHT30_I2C
  +--> ?PR?_SEND_DATA?SHT30_I2C
  +--> ?PR?_I2C_READBYTE?SHT30_I2C
  +--> ?PR?I2C_STOP?SHT30_I2C

?PR?_I2C_READBYTE?SHT30_I2C                      -----    -----
  +--> ?PR?_IIC_DELAY?SHT30_I2C
  +--> ?PR?I2C_NACK?SHT30_I2C
BL51 BANKED LINKER/LOCATER V6.22                                                      05/26/2022  15:33:48  PAGE 6


  +--> ?PR?I2C_ACK?SHT30_I2C

?PR?I2C_NACK?SHT30_I2C                           -----    -----
  +--> ?PR?_IIC_DELAY?SHT30_I2C

?PR?I2C_ACK?SHT30_I2C                            -----    -----
  +--> ?PR?_IIC_DELAY?SHT30_I2C

?PR?_CRC8_COMPUTE?SHT30_I2C                      001EH    0004H

?PR?EXV_CONTROL?EXV_API                          -----    -----
  +--> ?PR?EXV_SELF_TEST?EXV_API
  +--> ?PR?EXV_UD_LIGIC?EXV_API

?PR?EXV_SELF_TEST?EXV_API                        -----    -----
  +--> ?PR?_EXV_UD_OUT?EXV_DRIVER

?PR?MOTOR_DEAL?MOTOR_API                         -----    -----
  +--> ?PR?PRG_S_MOTOR?MOTOR_API
  +--> ?PR?MOTOR_POWER_DEAL?MOTOR_API
  +--> ?PR?FAN_PWM_DEAL?MOTOR_API

?PR?FAN_PWM_DEAL?MOTOR_API                       0019H    0004H

?PR?COMMUNICATION_DEAL?COMMUNICATION_API         -----    -----
  +--> ?PR?PRG_COMMUNICATION_10MS?COMMUNICAT...
  +--> ?PR?PRG_COMMUNICATION_1S?COMMUNICATIO...
  +--> ?PR?COMMUNICATION_RXD?COMMUNICATION_API
  +--> ?PR?COMMUNICATION_TXD?COMMUNICATION_API

?PR?COMMUNICATION_RXD?COMMUNICATION_API          -----    -----
  +--> ?PR?_CRC_CHECK?COMMUNICATION_API
  +--> ?PR?RXD_DATA_PROTOCL?COMMUNICATION_API

?PR?_CRC_CHECK?COMMUNICATION_API                 001BH    0003H

?PR?RXD_DATA_PROTOCL?COMMUNICATION_API           0019H    0001H

?PR?COMMUNICATION_TXD?COMMUNICATION_API          -----    -----
  +--> ?PR?TXD_DATA_PROTOCOL?COMMUNICATION_API

?PR?TXD_DATA_PROTOCOL?COMMUNICATION_API          0019H    0002H
  +--> ?CO?COMMUNICATION_API
  +--> ?PR?_CRC_CHECK?COMMUNICATION_API

?PR?IO_OPERATE?IO_API                            -----    -----
  +--> ?PR?DI_READ?IO_API
  +--> ?PR?DO_OUTPUT?IO_API

?PR?DI_READ?IO_API                               -----    -----
  +--> ?PR?PRG_MS10_IO?IO_API

?PR?PRG_MS10_IO?IO_API                           -----    -----
  +--> ?PR?_WATER_IO_READ?IO_API
  +--> ?PR?_FILT_IO_READ?IO_API

?PR?GENERAL_FUNC_DEAL?GENERAL_FUNC               -----    -----
BL51 BANKED LINKER/LOCATER V6.22                                                      05/26/2022  15:33:48  PAGE 7


  +--> ?PR?PRG_GENERAL_FUNC_1S?GENERAL_FUNC

?PR?MCU_ENTER_SLEEP?GCE_MCU_INIT                 -----    -----
  +--> ?PR?WATCHDOG_INIT?GCE_MCU_INIT



UNRESOLVED EXTERNAL SYMBOLS:
   UART0_FLAG
   UART0_RXD_DELAY



SYMBOL TABLE OF MODULE:  S1392P_R00 (MAIN)

  VALUE           TYPE          NAME
  ----------------------------------

  -------         MODULE        MAIN
  C:0000H         SYMBOL        _ICE_DUMMY_
  D:00C0H         PUBLIC        AN_IF
  X:0059H         PUBLIC        M_Power_Delay_Time
  C:1924H         PUBLIC        _delay
  C:124AH         PUBLIC        main
  D:00B8H         PUBLIC        UART_IF
  D:00C8H         PUBLIC        CAPn_IF
  D:00B8H         PUBLIC        IICn_IF
  D:0080H         PUBLIC        P0_DAT
  D:0090H         PUBLIC        P1_DAT
  D:00A0H         PUBLIC        P2_DAT
  D:00B0H         PUBLIC        P3_DAT
  D:0098H         PUBLIC        EINT0n_IF
  D:00D8H         PUBLIC        EINT1n_IF
  D:00E8H         PUBLIC        INTn_IE
  D:0088H         PUBLIC        INTn_IF
  D:00B8H         PUBLIC        SPIn_IF
  D:00A8H         PUBLIC        TMRn_IF
  D:00C8H         PUBLIC        PWMn_IF
  D:00F8H         PUBLIC        INTn_IP
  D:0085H         PUBLIC        WDT_OP
  D:00D0H         PUBLIC        PSW
  -------         PROC          _DELAY
  D:0006H         SYMBOL        i
  C:1924H         LINE#         19
  C:1924H         LINE#         20
  C:1924H         LINE#         21
  C:192EH         LINE#         22
  -------         ENDPROC       _DELAY
  -------         PROC          MAIN
  C:124AH         LINE#         24
  C:124AH         LINE#         25
  C:124AH         LINE#         27
  C:124DH         LINE#         30
  C:1250H         LINE#         41
  C:1250H         LINE#         42
  C:1250H         LINE#         43
  C:1253H         LINE#         44
BL51 BANKED LINKER/LOCATER V6.22                                                      05/26/2022  15:33:48  PAGE 8


  C:1256H         LINE#         45
  C:1259H         LINE#         46
  C:125CH         LINE#         47
  C:125FH         LINE#         48
  C:1262H         LINE#         49
  C:1265H         LINE#         50
  C:1268H         LINE#         52
  C:1273H         LINE#         53
  C:1273H         LINE#         55
  C:127AH         LINE#         57
  C:127DH         LINE#         59
  C:1280H         LINE#         63
  C:1286H         LINE#         65
  C:1286H         LINE#         66
  C:1289H         LINE#         67
  -------         ENDPROC       MAIN
  -------         ENDMOD        MAIN

  -------         MODULE        GCE_SYSTEM_TIME
  C:0000H         SYMBOL        _ICE_DUMMY_
  D:00C0H         PUBLIC        AN_IF
  D:000BH         PUBLIC        _100ms_delay_flag_
  D:000DH         PUBLIC        flag_100ms_u16
  D:00B8H         PUBLIC        UART_IF
  D:00C8H         PUBLIC        CAPn_IF
  D:00B8H         PUBLIC        IICn_IF
  D:0080H         PUBLIC        P0_DAT
  D:0090H         PUBLIC        P1_DAT
  D:00A0H         PUBLIC        P2_DAT
  D:00B0H         PUBLIC        P3_DAT
  D:000FH         PUBLIC        flag_1S_u16
  C:1115H         PUBLIC        SystemTimesGenerate
  D:0098H         PUBLIC        EINT0n_IF
  D:0011H         PUBLIC        _1ms_delay_flag_
  D:00D8H         PUBLIC        EINT1n_IF
  D:00E8H         PUBLIC        INTn_IE
  D:0088H         PUBLIC        INTn_IF
  D:00B8H         PUBLIC        SPIn_IF
  D:0013H         PUBLIC        flag_1ms_u16
  D:00A8H         PUBLIC        TMRn_IF
  D:00C8H         PUBLIC        PWMn_IF
  D:00F8H         PUBLIC        INTn_IP
  D:0015H         PUBLIC        _10ms_delay_flag_
  D:00D0H         PUBLIC        PSW
  D:0017H         PUBLIC        flag_10ms_u16
  -------         PROC          SYSTEMTIMESGENERATE
  -------         DO            
  D:0008H         SYMBOL        sysTime10msCnt
  D:0009H         SYMBOL        sysTime100msCnt
  D:000AH         SYMBOL        sysTime1000msCnt
  -------         ENDDO         
  C:1115H         LINE#         25
  C:1115H         LINE#         26
  C:1115H         LINE#         33
  C:111DH         LINE#         34
  C:1123H         LINE#         35
  C:1125H         LINE#         36
BL51 BANKED LINKER/LOCATER V6.22                                                      05/26/2022  15:33:48  PAGE 9


  C:112CH         LINE#         37
  C:112CH         LINE#         38
  C:112FH         LINE#         39
  C:1137H         LINE#         41
  C:113DH         LINE#         42
  C:113FH         LINE#         43
  C:1145H         LINE#         44
  C:1145H         LINE#         45
  C:1148H         LINE#         46
  C:1150H         LINE#         48
  C:1156H         LINE#         49
  C:1158H         LINE#         50
  C:115EH         LINE#         51
  C:115EH         LINE#         52
  C:1161H         LINE#         53
  C:1167H         LINE#         57
  C:1167H         LINE#         58
  C:1167H         LINE#         59
  C:1167H         LINE#         60
  -------         ENDPROC       SYSTEMTIMESGENERATE
  -------         ENDMOD        GCE_SYSTEM_TIME

  -------         MODULE        ADC_API
  C:0000H         SYMBOL        _ICE_DUMMY_
  D:00C0H         PUBLIC        AN_IF
  D:00B8H         PUBLIC        UART_IF
  D:00C8H         PUBLIC        CAPn_IF
  D:00B8H         PUBLIC        IICn_IF
  D:0080H         PUBLIC        P0_DAT
  D:0090H         PUBLIC        P1_DAT
  D:00A0H         PUBLIC        P2_DAT
  D:00B0H         PUBLIC        P3_DAT
  D:0098H         PUBLIC        EINT0n_IF
  C:004EH         PUBLIC        ADC_deal
  D:00D8H         PUBLIC        EINT1n_IF
  D:00E8H         PUBLIC        INTn_IE
  D:0088H         PUBLIC        INTn_IF
  D:00B8H         PUBLIC        SPIn_IF
  D:00A8H         PUBLIC        TMRn_IF
  D:00C8H         PUBLIC        PWMn_IF
  D:00F8H         PUBLIC        INTn_IP
  D:00D0H         PUBLIC        PSW
  -------         PROC          ADC_DEAL
  C:004EH         LINE#         9
  C:004EH         LINE#         10
  C:004EH         LINE#         11
  -------         ENDPROC       ADC_DEAL
  -------         ENDMOD        ADC_API

  -------         MODULE        EXV_API
  C:0000H         SYMBOL        _ICE_DUMMY_
  D:00C0H         PUBLIC        AN_IF
  X:004FH         PUBLIC        EXV_UD_status_buf
  D:00B8H         PUBLIC        UART_IF
  X:0050H         PUBLIC        EXV_UD_status_out
  D:00C8H         PUBLIC        CAPn_IF
  D:00B8H         PUBLIC        IICn_IF
BL51 BANKED LINKER/LOCATER V6.22                                                      05/26/2022  15:33:48  PAGE 10


  C:0354H         PUBLIC        EXV_UD_Ligic
  C:1207H         PUBLIC        EXV_Control
  D:0080H         PUBLIC        P0_DAT
  D:0090H         PUBLIC        P1_DAT
  D:00A0H         PUBLIC        P2_DAT
  D:00B0H         PUBLIC        P3_DAT
  D:0098H         PUBLIC        EINT0n_IF
  D:00D8H         PUBLIC        EINT1n_IF
  C:14A8H         PUBLIC        exv_Self_Test
  X:0051H         PUBLIC        EXV_SWING_Mode
  C:18C4H         PUBLIC        EXV_Data_Init
  D:00E8H         PUBLIC        INTn_IE
  D:0088H         PUBLIC        INTn_IF
  D:00B8H         PUBLIC        SPIn_IF
  D:00A8H         PUBLIC        TMRn_IF
  D:00C8H         PUBLIC        PWMn_IF
  D:00F8H         PUBLIC        INTn_IP
  D:0027H         PUBLIC        step_tab_self
  X:0052H         PUBLIC        EXV_UD_status
  D:00D0H         PUBLIC        PSW
  -------         PROC          EXV_DATA_INIT
  C:18C4H         LINE#         37
  C:18C4H         LINE#         38
  C:18C4H         LINE#         39
  C:18CAH         LINE#         41
  C:18D0H         LINE#         42
  C:18D4H         LINE#         43
  C:18D8H         LINE#         48
  -------         ENDPROC       EXV_DATA_INIT
  -------         PROC          EXV_UD_LIGIC
  C:0354H         LINE#         61
  C:0354H         LINE#         62
  C:0354H         LINE#         63
  C:036FH         LINE#         64
  C:036FH         LINE#         65
  C:036FH         LINE#         66
  C:036FH         LINE#         67
  C:036FH         LINE#         68
  C:036FH         LINE#         69
  C:0374H         LINE#         72
  C:0377H         LINE#         73
  C:0377H         LINE#         74
  C:0377H         LINE#         75
  C:0380H         LINE#         76
  C:0380H         LINE#         77
  C:039AH         LINE#         78
  C:039AH         LINE#         79
  C:039AH         LINE#         80
  C:039AH         LINE#         82
  C:039DH         LINE#         83
  C:03A5H         LINE#         84
  C:03A5H         LINE#         85
  C:03A5H         LINE#         86
  C:03A8H         LINE#         87
  C:03B0H         LINE#         88
  C:03B0H         LINE#         89
  C:03B0H         LINE#         90
BL51 BANKED LINKER/LOCATER V6.22                                                      05/26/2022  15:33:48  PAGE 11


  C:03B0H         LINE#         91
  C:03B3H         LINE#         92
  C:03B3H         LINE#         93
  C:03B3H         LINE#         94
  C:03BCH         LINE#         95
  C:03BCH         LINE#         96
  C:03D6H         LINE#         97
  C:03D6H         LINE#         98
  C:03D6H         LINE#         99
  C:03D6H         LINE#         101
  C:03D8H         LINE#         102
  C:03E0H         LINE#         103
  C:03E0H         LINE#         104
  C:0403H         LINE#         105
  C:0403H         LINE#         106
  C:0403H         LINE#         107
  C:0403H         LINE#         108
  C:0403H         LINE#         109
  C:0403H         LINE#         110
  C:0405H         LINE#         111
  C:040AH         LINE#         112
  C:040AH         LINE#         113
  C:040AH         LINE#         114
  C:040AH         LINE#         115
  C:040CH         LINE#         116
  C:040CH         LINE#         117
  C:040CH         LINE#         118
  C:0415H         LINE#         119
  C:0415H         LINE#         120
  C:0429H         LINE#         121
  C:0429H         LINE#         122
  C:042FH         LINE#         123
  C:042FH         LINE#         125
  C:0431H         LINE#         126
  C:0439H         LINE#         127
  C:0439H         LINE#         128
  C:0456H         LINE#         129
  C:0456H         LINE#         130
  C:045EH         LINE#         131
  C:0468H         LINE#         132
  C:0472H         LINE#         133
  C:0472H         LINE#         134
  C:0474H         LINE#         135
  C:0478H         LINE#         136
  C:0478H         LINE#         137
  C:0480H         LINE#         138
  C:0480H         LINE#         139
  C:0480H         LINE#         140
  C:0480H         LINE#         144
  C:049BH         LINE#         145
  C:049BH         LINE#         147
  C:049BH         LINE#         148
  C:049BH         LINE#         149
  C:04A5H         LINE#         150
  C:04A5H         LINE#         151
  C:04ADH         LINE#         152
  C:04B2H         LINE#         153
BL51 BANKED LINKER/LOCATER V6.22                                                      05/26/2022  15:33:48  PAGE 12


  C:04B2H         LINE#         154
  C:04B2H         LINE#         155
  C:04B2H         LINE#         156
  C:04B4H         LINE#         158
  C:04B4H         LINE#         159
  C:04B4H         LINE#         160
  C:04C3H         LINE#         161
  C:04C3H         LINE#         162
  C:04C5H         LINE#         163
  C:04CBH         LINE#         164
  C:04D5H         LINE#         165
  C:04DCH         LINE#         166
  C:04DCH         LINE#         167
  C:04DDH         LINE#         169
  C:04DDH         LINE#         170
  C:04DDH         LINE#         171
  C:04E9H         LINE#         172
  C:04E9H         LINE#         173
  C:04EBH         LINE#         174
  C:04F1H         LINE#         176
  C:04F1H         LINE#         177
  C:04F1H         LINE#         179
  C:04F3H         LINE#         181
  C:04F3H         LINE#         182
  C:04F3H         LINE#         183
  C:04FFH         LINE#         184
  C:04FFH         LINE#         185
  C:0501H         LINE#         186
  C:0507H         LINE#         187
  C:0511H         LINE#         188
  C:0511H         LINE#         190
  C:0526H         LINE#         191
  C:0526H         LINE#         192
  C:052CH         LINE#         193
  C:052CH         LINE#         194
  C:052CH         LINE#         195
  C:052EH         LINE#         197
  C:052EH         LINE#         198
  C:0538H         LINE#         199
  C:0538H         LINE#         200
  C:0538H         LINE#         201
  C:0539H         LINE#         202
  C:0539H         LINE#         203
  C:0539H         LINE#         204
  C:0545H         LINE#         205
  C:0545H         LINE#         206
  C:0547H         LINE#         207
  C:054DH         LINE#         208
  C:0557H         LINE#         209
  C:0557H         LINE#         210
  C:0557H         LINE#         211
  C:0557H         LINE#         214
  -------         ENDPROC       EXV_UD_LIGIC
  -------         PROC          EXV_SELF_TEST
  -------         DO            
  D:0007H         SYMBOL        buf
  D:0026H         SYMBOL        exv_Self_Test_timer
BL51 BANKED LINKER/LOCATER V6.22                                                      05/26/2022  15:33:48  PAGE 13


  -------         ENDDO         
  C:14A8H         LINE#         390
  C:14A8H         LINE#         391
  C:14A8H         LINE#         392
  C:14A8H         LINE#         395
  C:14B1H         LINE#         396
  C:14B1H         LINE#         397
  C:14B6H         LINE#         399
  C:14BFH         LINE#         400
  C:14BFH         LINE#         401
  C:14C2H         LINE#         403
  C:14CBH         LINE#         404
  C:14CEH         LINE#         406
  C:14DBH         LINE#         407
  C:14DEH         LINE#         408
  -------         ENDPROC       EXV_SELF_TEST
  -------         PROC          EXV_CONTROL
  C:1207H         LINE#         415
  C:1207H         LINE#         416
  C:1207H         LINE#         417
  C:1212H         LINE#         418
  C:1212H         LINE#         419
  C:1215H         LINE#         421
  C:1215H         LINE#         423
  C:1226H         LINE#         424
  C:1226H         LINE#         425
  C:1226H         LINE#         426
  C:1226H         LINE#         427
  C:1226H         LINE#         429
  C:1228H         LINE#         430
  C:1228H         LINE#         431
  C:1228H         LINE#         432
  C:1228H         LINE#         434
  C:122AH         LINE#         435
  C:1230H         LINE#         439
  C:1232H         LINE#         440
  C:1232H         LINE#         441
  C:1232H         LINE#         442
  C:1239H         LINE#         443
  C:1239H         LINE#         444
  C:123FH         LINE#         446
  C:1241H         LINE#         448
  C:1241H         LINE#         449
  C:1246H         LINE#         451
  C:1246H         LINE#         452
  C:1246H         LINE#         453
  C:1246H         LINE#         455
  C:1249H         LINE#         457
  -------         ENDPROC       EXV_CONTROL
  -------         ENDMOD        EXV_API

  -------         MODULE        MOTOR_API
  C:0000H         SYMBOL        _ICE_DUMMY_
  D:00C0H         PUBLIC        AN_IF
  X:0037H         PUBLIC        Motor_POWER_ON_timer
  X:0038H         PUBLIC        Fan_PWM_buf
  C:186AH         PUBLIC        Motor_deal
BL51 BANKED LINKER/LOCATER V6.22                                                      05/26/2022  15:33:48  PAGE 14


  B:00A0H.2       PUBLIC        P2_2
  B:00B0H.3       PUBLIC        P3_3
  B:00B0H.7       PUBLIC        P3_7
  C:0854H         PUBLIC        FAN_PWM_deal
  D:00B8H         PUBLIC        UART_IF
  C:105FH         PUBLIC        prg_s_motor
  D:00C8H         PUBLIC        CAPn_IF
  D:00B8H         PUBLIC        IICn_IF
  X:003AH         PUBLIC        Fan_off_timer
  D:0080H         PUBLIC        P0_DAT
  D:0090H         PUBLIC        P1_DAT
  D:00A0H         PUBLIC        P2_DAT
  D:00B0H         PUBLIC        P3_DAT
  D:0098H         PUBLIC        EINT0n_IF
  D:00D8H         PUBLIC        EINT1n_IF
  X:003CH         PUBLIC        Motor_POWER_OFF_timer
  D:00E8H         PUBLIC        INTn_IE
  D:0088H         PUBLIC        INTn_IF
  D:00B8H         PUBLIC        SPIn_IF
  D:00C2H         PUBLIC        PWM0_R1H
  D:00A8H         PUBLIC        TMRn_IF
  D:00C8H         PUBLIC        PWMn_IF
  D:00F8H         PUBLIC        INTn_IP
  D:00C1H         PUBLIC        PWM0_R1L
  X:003DH         PUBLIC        Fan_on_timer
  C:128BH         PUBLIC        Motor_Power_Deal
  C:17E7H         PUBLIC        Motor_Data_Init
  X:003FH         PUBLIC        Fan_PWM
  D:00D0H         PUBLIC        PSW
  -------         PROC          MOTOR_DATA_INIT
  C:17E7H         LINE#         19
  C:17E7H         LINE#         20
  C:17E7H         LINE#         21
  C:17ECH         LINE#         22
  C:17F0H         LINE#         23
  C:17F4H         LINE#         24
  C:17FAH         LINE#         25
  C:1800H         LINE#         26
  C:1804H         LINE#         27
  -------         ENDPROC       MOTOR_DATA_INIT
  -------         PROC          PRG_S_MOTOR
  C:105FH         LINE#         36
  C:105FH         LINE#         37
  C:105FH         LINE#         38
  C:1065H         LINE#         39
  C:1065H         LINE#         40
  C:106CH         LINE#         42
  C:107BH         LINE#         43
  C:107BH         LINE#         44
  C:1089H         LINE#         45
  C:1095H         LINE#         46
  C:1099H         LINE#         47
  C:109BH         LINE#         49
  C:109BH         LINE#         50
  C:10AAH         LINE#         51
  C:10B6H         LINE#         52
  C:10BDH         LINE#         53
BL51 BANKED LINKER/LOCATER V6.22                                                      05/26/2022  15:33:48  PAGE 15


  C:10BDH         LINE#         56
  -------         ENDPROC       PRG_S_MOTOR
  -------         PROC          FAN_PWM_DEAL
  -------         DO            
  D:0019H         SYMBOL        pwm_buf
  -------         ENDDO         
  C:0854H         LINE#         69
  C:0854H         LINE#         70
  C:0854H         LINE#         71
  C:085DH         LINE#         73
  C:0869H         LINE#         74
  C:0869H         LINE#         76
  C:0869H         LINE#         78
  C:087FH         LINE#         79
  C:087FH         LINE#         80
  C:0885H         LINE#         81
  C:0887H         LINE#         82
  C:0894H         LINE#         83
  C:0894H         LINE#         85
  C:08A2H         LINE#         86
  C:08A2H         LINE#         87
  C:08B0H         LINE#         88
  C:08B0H         LINE#         89
  C:08B8H         LINE#         90
  C:08BAH         LINE#         92
  C:08BAH         LINE#         93
  C:08C8H         LINE#         94
  C:08C8H         LINE#         95
  C:08CAH         LINE#         97
  C:08CAH         LINE#         98
  C:08E4H         LINE#         99
  C:08E4H         LINE#         100
  C:08E9H         LINE#         101
  C:08EBH         LINE#         103
  C:08EBH         LINE#         104
  C:08F9H         LINE#         105
  C:08F9H         LINE#         106
  C:08F9H         LINE#         107
  C:08F9H         LINE#         110
  C:0903H         LINE#         111
  C:092AH         LINE#         112
  C:093EH         LINE#         113
  C:0948H         LINE#         115
  C:095EH         LINE#         116
  C:095EH         LINE#         117
  C:0962H         LINE#         118
  C:0964H         LINE#         119
  C:0966H         LINE#         121
  C:0966H         LINE#         122
  C:096EH         LINE#         123
  C:096EH         LINE#         124
  C:0980H         LINE#         131
  -------         ENDPROC       FAN_PWM_DEAL
  -------         PROC          MOTOR_POWER_DEAL
  C:128BH         LINE#         140
  C:128BH         LINE#         141
  C:128BH         LINE#         143
BL51 BANKED LINKER/LOCATER V6.22                                                      05/26/2022  15:33:48  PAGE 16


  C:129BH         LINE#         144
  C:129BH         LINE#         145
  C:129DH         LINE#         146
  C:129FH         LINE#         147
  C:12A4H         LINE#         148
  C:12ADH         LINE#         149
  C:12ADH         LINE#         150
  C:12B0H         LINE#         151
  C:12B0H         LINE#         153
  C:12B1H         LINE#         155
  C:12B1H         LINE#         156
  C:12B6H         LINE#         157
  C:12BFH         LINE#         158
  C:12BFH         LINE#         159
  C:12C2H         LINE#         160
  C:12C6H         LINE#         161
  C:12C6H         LINE#         162
  C:12C8H         LINE#         163
  C:12CAH         LINE#         164
  C:12CAH         LINE#         165
  C:12CAH         LINE#         169
  C:12CAH         LINE#         170
  -------         ENDPROC       MOTOR_POWER_DEAL
  -------         PROC          MOTOR_DEAL
  C:186AH         LINE#         180
  C:186AH         LINE#         181
  C:186AH         LINE#         182
  C:186DH         LINE#         183
  C:1873H         LINE#         184
  C:1873H         LINE#         185
  C:187AH         LINE#         186
  C:187DH         LINE#         187
  C:1880H         LINE#         190
  -------         ENDPROC       MOTOR_DEAL
  -------         ENDMOD        MOTOR_API

  -------         MODULE        IO_API
  C:0000H         SYMBOL        _ICE_DUMMY_
  D:00C0H         PUBLIC        AN_IF
  C:0056H         PUBLIC        DI_read
  B:0080H.1       PUBLIC        P0_1
  B:0080H.2       PUBLIC        P0_2
  B:0080H.5       PUBLIC        P0_5
  B:00A0H.4       PUBLIC        P2_4
  B:00B0H.7       PUBLIC        P3_7
  C:17A4H         PUBLIC        DO_output
  D:00B8H         PUBLIC        UART_IF
  D:00C8H         PUBLIC        CAPn_IF
  D:00B8H         PUBLIC        IICn_IF
  D:0080H         PUBLIC        P0_DAT
  D:0090H         PUBLIC        P1_DAT
  D:00A0H         PUBLIC        P2_DAT
  C:192FH         PUBLIC        Sys_Off
  D:00B0H         PUBLIC        P3_DAT
  D:0098H         PUBLIC        EINT0n_IF
  D:00D8H         PUBLIC        EINT1n_IF
  D:00E8H         PUBLIC        INTn_IE
BL51 BANKED LINKER/LOCATER V6.22                                                      05/26/2022  15:33:48  PAGE 17


  D:0088H         PUBLIC        INTn_IF
  D:00B8H         PUBLIC        SPIn_IF
  D:00A8H         PUBLIC        TMRn_IF
  D:00C8H         PUBLIC        PWMn_IF
  D:00F8H         PUBLIC        INTn_IP
  C:154CH         PUBLIC        _Water_IO_Read
  C:1839H         PUBLIC        prg_ms10_IO
  C:1581H         PUBLIC        _Filt_IO_Read
  C:1942H         PUBLIC        IO_operate
  X:0049H         PUBLIC        Water_Status
  X:004CH         PUBLIC        Filt_Status
  D:00D0H         PUBLIC        PSW
  -------         PROC          _WATER_IO_READ
  D:0007H         SYMBOL        _conut_sum
  C:154CH         LINE#         19
  C:154CH         LINE#         20
  C:154CH         LINE#         21
  C:1558H         LINE#         22
  C:1558H         LINE#         23
  C:155DH         LINE#         24
  C:1560H         LINE#         25
  C:1561H         LINE#         27
  C:1561H         LINE#         28
  C:1567H         LINE#         29
  C:156CH         LINE#         30
  C:156CH         LINE#         31
  C:156EH         LINE#         32
  C:1574H         LINE#         33
  C:157BH         LINE#         35
  C:1580H         LINE#         36
  C:1580H         LINE#         37
  C:1580H         LINE#         38
  -------         ENDPROC       _WATER_IO_READ
  -------         PROC          _FILT_IO_READ
  D:0007H         SYMBOL        _conut_sum
  C:1581H         LINE#         49
  C:1581H         LINE#         50
  C:1581H         LINE#         51
  C:158DH         LINE#         52
  C:158DH         LINE#         53
  C:1592H         LINE#         54
  C:1595H         LINE#         55
  C:1596H         LINE#         57
  C:1596H         LINE#         58
  C:159CH         LINE#         59
  C:15A1H         LINE#         60
  C:15A1H         LINE#         61
  C:15A3H         LINE#         62
  C:15A9H         LINE#         63
  C:15B0H         LINE#         65
  C:15B5H         LINE#         66
  C:15B5H         LINE#         67
  C:15B5H         LINE#         68
  -------         ENDPROC       _FILT_IO_READ
  -------         PROC          PRG_MS10_IO
  C:1839H         LINE#         78
  C:1839H         LINE#         79
BL51 BANKED LINKER/LOCATER V6.22                                                      05/26/2022  15:33:48  PAGE 18


  C:1839H         LINE#         80
  C:1842H         LINE#         81
  C:1842H         LINE#         83
  C:1842H         LINE#         84
  C:1849H         LINE#         86
  C:184EH         LINE#         87
  C:1851H         LINE#         88
  -------         ENDPROC       PRG_MS10_IO
  -------         PROC          DI_READ
  C:0056H         LINE#         97
  C:0056H         LINE#         98
  C:0056H         LINE#         99
  -------         ENDPROC       DI_READ
  -------         PROC          DO_OUTPUT
  C:17A4H         LINE#         109
  C:17A4H         LINE#         110
  C:17A4H         LINE#         111
  C:17B0H         LINE#         112
  C:17B4H         LINE#         114
  C:17B6H         LINE#         116
  C:17C1H         LINE#         117
  C:17C4H         LINE#         119
  C:17C6H         LINE#         121
  -------         ENDPROC       DO_OUTPUT
  -------         PROC          SYS_OFF
  C:192FH         LINE#         131
  C:192FH         LINE#         132
  C:192FH         LINE#         133
  C:1931H         LINE#         134
  C:1933H         LINE#         135
  C:1935H         LINE#         136
  -------         ENDPROC       SYS_OFF
  -------         PROC          IO_OPERATE
  C:1942H         LINE#         149
  C:1942H         LINE#         150
  C:1942H         LINE#         151
  C:1945H         LINE#         152
  -------         ENDPROC       IO_OPERATE
  -------         ENDMOD        IO_API

  -------         MODULE        GENERAL_FUNC
  C:0000H         SYMBOL        _ICE_DUMMY_
  D:00C0H         PUBLIC        AN_IF
  C:195AH         PUBLIC        General_Func_Deal
  X:0053H         PUBLIC        SYS_bit
  D:00B8H         PUBLIC        UART_IF
  D:00C8H         PUBLIC        CAPn_IF
  D:00B8H         PUBLIC        IICn_IF
  D:0080H         PUBLIC        P0_DAT
  D:0090H         PUBLIC        P1_DAT
  D:00A0H         PUBLIC        P2_DAT
  D:00B0H         PUBLIC        P3_DAT
  D:0098H         PUBLIC        EINT0n_IF
  C:1805H         PUBLIC        prg_General_Func_1S
  D:00D8H         PUBLIC        EINT1n_IF
  D:00E8H         PUBLIC        INTn_IE
  D:0088H         PUBLIC        INTn_IF
BL51 BANKED LINKER/LOCATER V6.22                                                      05/26/2022  15:33:48  PAGE 19


  D:00B8H         PUBLIC        SPIn_IF
  X:0054H         PUBLIC        SYS_bit1
  D:00A8H         PUBLIC        TMRn_IF
  X:0055H         PUBLIC        SYS_bit2
  D:00C8H         PUBLIC        PWMn_IF
  D:00F8H         PUBLIC        INTn_IP
  X:0056H         PUBLIC        M_Sleep_Delay_Time
  C:1437H         PUBLIC        Sleep_deal
  D:00D0H         PUBLIC        PSW
  -------         PROC          SLEEP_DEAL
  C:1437H         LINE#         16
  C:1437H         LINE#         17
  C:1437H         LINE#         18
  C:1450H         LINE#         21
  C:1450H         LINE#         22
  C:1456H         LINE#         23
  C:1456H         LINE#         25
  C:1468H         LINE#         26
  C:1468H         LINE#         27
  C:146FH         LINE#         28
  C:146FH         LINE#         29
  -------         ENDPROC       SLEEP_DEAL
  -------         PROC          PRG_GENERAL_FUNC_1S
  C:1805H         LINE#         31
  C:1805H         LINE#         32
  C:1805H         LINE#         33
  C:180BH         LINE#         34
  C:180BH         LINE#         35
  C:1812H         LINE#         37
  C:181BH         LINE#         38
  C:181BH         LINE#         39
  C:181EH         LINE#         40
  C:181EH         LINE#         42
  -------         ENDPROC       PRG_GENERAL_FUNC_1S
  -------         PROC          GENERAL_FUNC_DEAL
  C:195AH         LINE#         44
  C:195AH         LINE#         45
  C:195AH         LINE#         46
  -------         ENDPROC       GENERAL_FUNC_DEAL
  -------         ENDMOD        GENERAL_FUNC

  -------         MODULE        COMMUNICATION_API
  C:0000H         SYMBOL        _ICE_DUMMY_
  D:00C0H         PUBLIC        AN_IF
  C:1470H         PUBLIC        _crc_check
  X:0057H         PUBLIC        Communication_Delay_Txd_Timer
  D:00B8H         PUBLIC        UART_IF
  X:0058H         PUBLIC        Communication_Count_Timer
  D:00C8H         PUBLIC        CAPn_IF
  D:00B8H         PUBLIC        IICn_IF
  C:0006H         PUBLIC        Communication_Deal
  D:0080H         PUBLIC        P0_DAT
  D:0090H         PUBLIC        P1_DAT
  D:00A0H         PUBLIC        P2_DAT
  D:00B0H         PUBLIC        P3_DAT
  D:0098H         PUBLIC        EINT0n_IF
  D:00D8H         PUBLIC        EINT1n_IF
BL51 BANKED LINKER/LOCATER V6.22                                                      05/26/2022  15:33:48  PAGE 20


  C:0012H         SYMBOL        _?ix1000
  C:0DEDH         PUBLIC        Txd_Data_Protocol
  D:00E8H         PUBLIC        INTn_IE
  D:0088H         PUBLIC        INTn_IF
  D:00B8H         PUBLIC        SPIn_IF
  C:175AH         PUBLIC        Prg_Communication_1S
  D:00A8H         PUBLIC        TMRn_IF
  D:00C8H         PUBLIC        PWMn_IF
  C:0F65H         PUBLIC        Rxd_Data_Protocl
  D:00F8H         PUBLIC        INTn_IP
  C:1693H         PUBLIC        Prg_Communication_10mS
  C:12CBH         PUBLIC        Communication_Rxd
  C:10BEH         PUBLIC        Communication_Txd
  D:00D0H         PUBLIC        PSW
  -------         PROC          PRG_COMMUNICATION_10MS
  C:1693H         LINE#         13
  C:1693H         LINE#         14
  C:1693H         LINE#         15
  C:169DH         LINE#         16
  C:169DH         LINE#         17
  C:16A4H         LINE#         19
  C:16ADH         LINE#         20
  C:16ADH         LINE#         21
  C:16B0H         LINE#         22
  C:16B3H         LINE#         23
  C:16B3H         LINE#         24
  C:16BAH         LINE#         25
  C:16BAH         LINE#         26
  C:16BAH         LINE#         28
  -------         ENDPROC       PRG_COMMUNICATION_10MS
  -------         PROC          PRG_COMMUNICATION_1S
  C:175AH         LINE#         37
  C:175AH         LINE#         38
  C:175AH         LINE#         39
  C:1762H         LINE#         40
  C:1762H         LINE#         41
  C:1769H         LINE#         43
  C:1772H         LINE#         44
  C:1772H         LINE#         45
  C:1775H         LINE#         46
  C:1778H         LINE#         47
  C:1778H         LINE#         48
  C:177FH         LINE#         49
  C:177FH         LINE#         50
  C:177FH         LINE#         51
  -------         ENDPROC       PRG_COMMUNICATION_1S
  -------         PROC          _CRC_CHECK
  D:001BH         SYMBOL        buffer
  D:0005H         SYMBOL        length
  -------         DO            
  D:0007H         SYMBOL        crc
  D:0006H         SYMBOL        loop
  D:0004H         SYMBOL        loop_1
  -------         ENDDO         
  C:1470H         LINE#         60
  C:1476H         LINE#         61
  C:1476H         LINE#         62
BL51 BANKED LINKER/LOCATER V6.22                                                      05/26/2022  15:33:48  PAGE 21


  C:1478H         LINE#         63
  C:1479H         LINE#         64
  C:1479H         LINE#         65
  C:147EH         LINE#         66
  C:147EH         LINE#         67
  C:148EH         LINE#         68
  C:1490H         LINE#         69
  C:1490H         LINE#         70
  C:1494H         LINE#         71
  C:1494H         LINE#         72
  C:1497H         LINE#         73
  C:149AH         LINE#         74
  C:149CH         LINE#         76
  C:149CH         LINE#         77
  C:14A0H         LINE#         78
  C:14A0H         LINE#         79
  C:14A4H         LINE#         80
  C:14A7H         LINE#         81
  C:14A7H         LINE#         82
  -------         ENDPROC       _CRC_CHECK
  -------         PROC          RXD_DATA_PROTOCL
  -------         DO            
  D:0019H         SYMBOL        buf_bit
  D:0007H         SYMBOL        buf
  -------         ENDDO         
  C:0F65H         LINE#         91
  C:0F65H         LINE#         92
  C:0F65H         LINE#         94
  C:0F65H         LINE#         96
  C:0F6BH         LINE#         97
  C:0F79H         LINE#         98
  C:0F88H         LINE#         99
  C:0F98H         LINE#         100
  C:0FA8H         LINE#         101
  C:0FB5H         LINE#         102
  C:0FC4H         LINE#         105
  C:0FC9H         LINE#         106
  C:0FCDH         LINE#         108
  C:0FD5H         LINE#         110
  C:0FDFH         LINE#         111
  C:0FDFH         LINE#         112
  C:0FE3H         LINE#         113
  C:0FE4H         LINE#         115
  C:0FE4H         LINE#         116
  C:0FE8H         LINE#         117
  C:0FE8H         LINE#         118
  -------         ENDPROC       RXD_DATA_PROTOCL
  -------         PROC          TXD_DATA_PROTOCOL
  -------         DO            
  D:0019H         SYMBOL        buf
  D:001AH         SYMBOL        buf_bit
  -------         ENDDO         
  C:0DEDH         LINE#         127
  C:0DEDH         LINE#         128
  C:0DEDH         LINE#         129
  C:0DF0H         LINE#         130
  C:0E01H         LINE#         135
BL51 BANKED LINKER/LOCATER V6.22                                                      05/26/2022  15:33:48  PAGE 22


  C:0E07H         LINE#         137
  C:0E0AH         LINE#         139
  C:0E11H         LINE#         140
  C:0E11H         LINE#         141
  C:0E18H         LINE#         142
  C:0E18H         LINE#         145
  C:0E1BH         LINE#         146
  C:0E1BH         LINE#         147
  C:0E22H         LINE#         148
  C:0E24H         LINE#         150
  C:0E24H         LINE#         151
  C:0E37H         LINE#         152
  C:0E37H         LINE#         154
  C:0E37H         LINE#         156
  C:0E3DH         LINE#         158
  C:0E40H         LINE#         160
  C:0E4DH         LINE#         161
  C:0E4FH         LINE#         163
  C:0E54H         LINE#         166
  C:0E6CH         LINE#         167
  C:0E6EH         LINE#         168
  C:0E73H         LINE#         169
  C:0E79H         LINE#         172
  C:0E86H         LINE#         173
  C:0E89H         LINE#         175
  C:0E93H         LINE#         177
  C:0E99H         LINE#         178
  C:0E99H         LINE#         179
  C:0EA0H         LINE#         180
  C:0EA0H         LINE#         182
  C:0EA5H         LINE#         183
  C:0EA7H         LINE#         184
  C:0EB7H         LINE#         185
  -------         ENDPROC       TXD_DATA_PROTOCOL
  -------         PROC          COMMUNICATION_RXD
  -------         DO            
  D:0006H         SYMBOL        sum
  -------         ENDDO         
  C:12CBH         LINE#         194
  C:12CBH         LINE#         195
  C:12CBH         LINE#         196
  C:12CDH         LINE#         197
  C:12D9H         LINE#         198
  C:12D9H         LINE#         199
  C:12E0H         LINE#         201
  C:12E7H         LINE#         202
  C:12E7H         LINE#         204
  C:12F4H         LINE#         205
  C:12FBH         LINE#         206
  C:12FBH         LINE#         208
  C:12FEH         LINE#         210
  C:1304H         LINE#         212
  C:130AH         LINE#         213
  -------         ENDPROC       COMMUNICATION_RXD
  -------         PROC          COMMUNICATION_TXD
  C:10BEH         LINE#         222
  C:10BEH         LINE#         223
BL51 BANKED LINKER/LOCATER V6.22                                                      05/26/2022  15:33:48  PAGE 23


  C:10BEH         LINE#         225
  C:10DAH         LINE#         226
  C:10DAH         LINE#         227
  C:10DEH         LINE#         228
  C:10E5H         LINE#         229
  C:10E5H         LINE#         233
  C:10EFH         LINE#         234
  C:10EFH         LINE#         235
  C:10F6H         LINE#         241
  C:10F9H         LINE#         244
  C:1100H         LINE#         245
  C:1104H         LINE#         246
  C:1109H         LINE#         247
  C:1110H         LINE#         248
  C:1114H         LINE#         249
  -------         ENDPROC       COMMUNICATION_TXD
  -------         PROC          COMMUNICATION_DEAL
  C:0006H         LINE#         258
  C:0006H         LINE#         259
  C:0006H         LINE#         260
  C:0009H         LINE#         261
  C:000CH         LINE#         262
  C:000FH         LINE#         263
  -------         ENDPROC       COMMUNICATION_DEAL
  -------         ENDMOD        COMMUNICATION_API

  -------         MODULE        SHT30_I2C
  C:0000H         SYMBOL        _ICE_DUMMY_
  D:00C0H         PUBLIC        AN_IF
  D:002FH         PUBLIC        Sht30_Count
  X:002AH         PUBLIC        data_process
  C:16BBH         PUBLIC        _i2c_SendByte
  C:13C2H         PUBLIC        _Send_DATA
  C:1898H         PUBLIC        SHT30_Sleep_Deal
  C:1613H         PUBLIC        i2c_start
  B:00B0H.1       PUBLIC        P3_1
  B:00B0H.2       PUBLIC        P3_2
  X:0033H         PUBLIC        SHT30_err_cont
  C:0016H         PUBLIC        i2c_stop
  C:17D1H         PUBLIC        _IIC_Delay
  D:00B8H         PUBLIC        UART_IF
  C:181FH         PUBLIC        I2C_Dat_Init
  D:00C8H         PUBLIC        CAPn_IF
  D:00B8H         PUBLIC        IICn_IF
  D:0080H         PUBLIC        P0_DAT
  D:0090H         PUBLIC        P1_DAT
  D:00A0H         PUBLIC        P2_DAT
  D:00B0H         PUBLIC        P3_DAT
  C:1733H         PUBLIC        i2c_NAck
  D:0098H         PUBLIC        EINT0n_IF
  D:00D8H         PUBLIC        EINT1n_IF
  D:00E8H         PUBLIC        INTn_IE
  C:1780H         PUBLIC        SHT30_Init
  D:0088H         PUBLIC        INTn_IF
  D:00B8H         PUBLIC        SPIn_IF
  D:00A8H         PUBLIC        TMRn_IF
  D:00C8H         PUBLIC        PWMn_IF
BL51 BANKED LINKER/LOCATER V6.22                                                      05/26/2022  15:33:48  PAGE 24


  C:1387H         PUBLIC        _crc8_compute
  D:00F8H         PUBLIC        INTn_IP
  C:11BAH         PUBLIC        _sht30_read_temp_humi
  X:0034H         PUBLIC        SHT30_err_Status
  C:06F9H         PUBLIC        Sht30_Deal
  C:15B6H         PUBLIC        i2c_Ack
  C:14DFH         PUBLIC        _i2c_ReadByte
  X:0035H         PUBLIC        SHT30_bit
  X:0036H         PUBLIC        SHT30_Command
  D:008EH         PUBLIC        P3_OE
  D:00D0H         PUBLIC        PSW
  C:17C7H         SYMBOL        L?0058
  C:17C9H         SYMBOL        L?0059
  C:17CBH         SYMBOL        L?0060
  -------         PROC          L?0057
  -------         ENDPROC       L?0057
  C:17C7H         SYMBOL        L?0058
  C:17C9H         SYMBOL        L?0059
  C:17CBH         SYMBOL        L?0060
  -------         PROC          _IIC_DELAY
  D:0022H         SYMBOL        K
  C:17D1H         LINE#         16
  C:17D9H         LINE#         17
  C:17D9H         LINE#         18
  C:17E6H         LINE#         19
  -------         ENDPROC       _IIC_DELAY
  -------         PROC          _CRC8_COMPUTE
  D:001EH         SYMBOL        check_data
  D:0021H         SYMBOL        num_of_data
  -------         DO            
  D:0005H         SYMBOL        bit_
  D:0007H         SYMBOL        crc
  D:0006H         SYMBOL        byteCtr
  -------         ENDDO         
  C:1387H         LINE#         26
  C:138FH         LINE#         27
  C:138FH         LINE#         29
  C:1391H         LINE#         33
  C:1399H         LINE#         34
  C:1399H         LINE#         35
  C:13A9H         LINE#         37
  C:13ABH         LINE#         38
  C:13ABH         LINE#         39
  C:13AFH         LINE#         40
  C:13AFH         LINE#         41
  C:13B4H         LINE#         42
  C:13B6H         LINE#         44
  C:13B6H         LINE#         45
  C:13BAH         LINE#         46
  C:13BAH         LINE#         47
  C:13BCH         LINE#         48
  C:13BFH         LINE#         49
  C:13C1H         LINE#         50
  -------         ENDPROC       _CRC8_COMPUTE
  -------         PROC          I2C_DAT_INIT
  C:181FH         LINE#         73
  C:181FH         LINE#         74
BL51 BANKED LINKER/LOCATER V6.22                                                      05/26/2022  15:33:48  PAGE 25


  C:181FH         LINE#         75
  C:1824H         LINE#         76
  C:1826H         LINE#         77
  C:1828H         LINE#         78
  C:182AH         LINE#         79
  C:182CH         LINE#         80
  C:182EH         LINE#         81
  C:1832H         LINE#         82
  C:1834H         LINE#         84
  C:1838H         LINE#         85
  -------         ENDPROC       I2C_DAT_INIT
  -------         PROC          I2C_START
  C:1613H         LINE#         93
  C:1613H         LINE#         94
  C:1613H         LINE#         95
  C:161DH         LINE#         96
  C:1624H         LINE#         98
  C:1626H         LINE#         99
  C:1628H         LINE#         100
  C:162DH         LINE#         101
  C:162FH         LINE#         102
  C:1632H         LINE#         103
  C:1634H         LINE#         104
  -------         ENDPROC       I2C_START
  -------         PROC          I2C_STOP
  C:0016H         LINE#         112
  C:0016H         LINE#         113
  C:0016H         LINE#         114
  C:0020H         LINE#         115
  C:0022H         LINE#         116
  C:0025H         LINE#         117
  C:0027H         LINE#         118
  C:002AH         LINE#         119
  C:002AH         LINE#         120
  C:002DH         LINE#         121
  C:002FH         LINE#         122
  -------         ENDPROC       I2C_STOP
  -------         PROC          I2C_ACK
  C:15B6H         LINE#         131
  C:15B6H         LINE#         132
  C:15B6H         LINE#         133
  C:15B8H         LINE#         134
  C:15C2H         LINE#         135
  C:15C4H         LINE#         136
  C:15C9H         LINE#         137
  C:15CBH         LINE#         138
  C:15D0H         LINE#         139
  C:15D2H         LINE#         140
  C:15D4H         LINE#         141
  C:15DBH         LINE#         142
  -------         ENDPROC       I2C_ACK
  -------         PROC          I2C_NACK
  C:1733H         LINE#         151
  C:1733H         LINE#         152
  C:1733H         LINE#         153
  C:1735H         LINE#         155
  C:173FH         LINE#         156
BL51 BANKED LINKER/LOCATER V6.22                                                      05/26/2022  15:33:48  PAGE 26


  C:1741H         LINE#         157
  C:1746H         LINE#         158
  C:1748H         LINE#         159
  C:174DH         LINE#         160
  C:174FH         LINE#         161
  -------         ENDPROC       I2C_NACK
  -------         PROC          _I2C_SENDBYTE
  D:0003H         SYMBOL        _ucByte
  -------         DO            
  D:0002H         SYMBOL        i
  -------         ENDDO         
  C:16BBH         LINE#         169
  C:16BDH         LINE#         170
  C:16BDH         LINE#         171
  C:16BFH         LINE#         172
  C:16C1H         LINE#         173
  C:16C1H         LINE#         174
  C:16C1H         LINE#         175
  C:16C4H         LINE#         176
  C:16C8H         LINE#         177
  C:16CCH         LINE#         179
  C:16CEH         LINE#         180
  C:16D1H         LINE#         181
  C:16D3H         LINE#         182
  C:16D8H         LINE#         183
  C:16DAH         LINE#         184
  C:16DEH         LINE#         185
  C:16E2H         LINE#         186
  -------         ENDPROC       _I2C_SENDBYTE
  -------         PROC          _SEND_DATA
  D:0007H         SYMBOL        data1
  C:13C2H         LINE#         194
  C:13C2H         LINE#         195
  C:13C2H         LINE#         196
  C:13C5H         LINE#         197
  C:13C7H         LINE#         198
  C:13D1H         LINE#         199
  C:13D6H         LINE#         200
  C:13D6H         LINE#         201
  C:13D9H         LINE#         202
  C:13DCH         LINE#         203
  C:13DCH         LINE#         204
  C:13E3H         LINE#         205
  C:13E6H         LINE#         206
  C:13E9H         LINE#         207
  C:13E9H         LINE#         208
  C:13ECH         LINE#         209
  C:13EEH         LINE#         211
  C:13F8H         LINE#         212
  C:13FAH         LINE#         214
  C:13FCH         LINE#         215
  -------         ENDPROC       _SEND_DATA
  -------         PROC          _I2C_READBYTE
  D:0001H         SYMBOL        ack
  -------         DO            
  D:0002H         SYMBOL        i
  D:0003H         SYMBOL        Dat
BL51 BANKED LINKER/LOCATER V6.22                                                      05/26/2022  15:33:48  PAGE 27


  -------         ENDDO         
  C:14DFH         LINE#         224
  C:14E1H         LINE#         225
  C:14E1H         LINE#         227
  C:14E3H         LINE#         228
  C:14EDH         LINE#         229
  C:14EFH         LINE#         230
  C:14EFH         LINE#         231
  C:14F1H         LINE#         232
  C:14F6H         LINE#         233
  C:14F6H         LINE#         234
  C:14F9H         LINE#         235
  C:14FDH         LINE#         236
  C:1500H         LINE#         237
  C:1501H         LINE#         238
  C:1504H         LINE#         239
  C:1508H         LINE#         241
  C:150BH         LINE#         242
  C:1510H         LINE#         244
  C:1513H         LINE#         246
  C:1515H         LINE#         247
  -------         ENDPROC       _I2C_READBYTE
  -------         PROC          SHT30_INIT
  C:1780H         LINE#         255
  C:1780H         LINE#         256
  C:1780H         LINE#         257
  C:1783H         LINE#         259
  C:178BH         LINE#         260
  C:178BH         LINE#         261
  C:1793H         LINE#         262
  C:1793H         LINE#         263
  C:179BH         LINE#         264
  C:179BH         LINE#         266
  C:179EH         LINE#         267
  C:17A3H         LINE#         268
  -------         ENDPROC       SHT30_INIT
  -------         PROC          SHT30_SLEEP_DEAL
  C:1898H         LINE#         276
  C:1898H         LINE#         277
  C:1898H         LINE#         278
  C:18A2H         LINE#         279
  C:18A9H         LINE#         281
  C:18ABH         LINE#         282
  C:18ADH         LINE#         283
  -------         ENDPROC       SHT30_SLEEP_DEAL
  -------         PROC          _SHT30_READ_TEMP_HUMI
  D:001EH         SYMBOL        ptr
  -------         DO            
  D:0021H         SYMBOL        i
  -------         ENDDO         
  C:11BAH         LINE#         294
  C:11C0H         LINE#         295
  C:11C0H         LINE#         309
  C:11C3H         LINE#         311
  C:11CBH         LINE#         312
  C:11CBH         LINE#         314
  C:11CEH         LINE#         315
BL51 BANKED LINKER/LOCATER V6.22                                                      05/26/2022  15:33:48  PAGE 28


  C:11CEH         LINE#         316
  C:11E3H         LINE#         317
  C:11ECH         LINE#         323
  C:11FEH         LINE#         325
  C:1201H         LINE#         327
  C:1206H         LINE#         329
  -------         ENDPROC       _SHT30_READ_TEMP_HUMI
  -------         PROC          SHT30_DEAL
  -------         DO            
  D:0019H         SYMBOL        crc_result
  D:001AH         SYMBOL        data_buf
  D:0001H         SYMBOL        i
  -------         ENDDO         
  C:06F9H         LINE#         338
  C:06F9H         LINE#         339
  C:06F9H         LINE#         340
  C:06FCH         LINE#         341
  C:0704H         LINE#         342
  C:0705H         LINE#         344
  C:0712H         LINE#         345
  C:0712H         LINE#         346
  C:0719H         LINE#         348
  C:071BH         LINE#         349
  C:0725H         LINE#         350
  C:0725H         LINE#         351
  C:0728H         LINE#         353
  C:0731H         LINE#         354
  C:0734H         LINE#         355
  C:074EH         LINE#         357
  C:074EH         LINE#         358
  C:0754H         LINE#         359
  C:0756H         LINE#         361
  C:0756H         LINE#         362
  C:075BH         LINE#         363
  C:075BH         LINE#         365
  C:0761H         LINE#         366
  C:0761H         LINE#         367
  C:0764H         LINE#         368
  C:076AH         LINE#         370
  C:076AH         LINE#         372
  C:076AH         LINE#         373
  C:0770H         LINE#         374
  C:0770H         LINE#         376
  C:0772H         LINE#         377
  C:0782H         LINE#         379
  C:078BH         LINE#         384
  C:0798H         LINE#         387
  C:079FH         LINE#         388
  C:079FH         LINE#         389
  C:07ADH         LINE#         390
  C:07C2H         LINE#         391
  C:07DDH         LINE#         393
  C:07E7H         LINE#         394
  C:07E7H         LINE#         399
  C:07F4H         LINE#         400
  C:07FCH         LINE#         401
  C:07FCH         LINE#         402
BL51 BANKED LINKER/LOCATER V6.22                                                      05/26/2022  15:33:48  PAGE 29


  C:080AH         LINE#         403
  C:081FH         LINE#         404
  C:0833H         LINE#         405
  C:0853H         LINE#         406
  C:0853H         LINE#         408
  -------         ENDPROC       SHT30_DEAL
  -------         ENDMOD        SHT30_I2C

  -------         MODULE        GCE_EXT_DRIVER
  C:0000H         SYMBOL        _ICE_DUMMY_
  D:00C0H         PUBLIC        AN_IF
  D:00B8H         PUBLIC        UART_IF
  D:00C8H         PUBLIC        CAPn_IF
  D:00B8H         PUBLIC        IICn_IF
  D:0080H         PUBLIC        P0_DAT
  D:0090H         PUBLIC        P1_DAT
  D:00A0H         PUBLIC        P2_DAT
  D:00B0H         PUBLIC        P3_DAT
  D:0098H         PUBLIC        EINT0n_IF
  D:00D8H         PUBLIC        EINT1n_IF
  D:00E8H         PUBLIC        INTn_IE
  D:0088H         PUBLIC        INTn_IF
  D:00B8H         PUBLIC        SPIn_IF
  C:18FCH         PUBLIC        GCE_EXT0_IT
  C:190AH         PUBLIC        GCE_EXT1_IT
  D:00A8H         PUBLIC        TMRn_IF
  D:00C8H         PUBLIC        PWMn_IF
  D:00F8H         PUBLIC        INTn_IP
  D:00D0H         PUBLIC        PSW
  -------         PROC          GCE_EXT0_IT
  C:18FCH         LINE#         16
  C:18FCH         LINE#         17
  C:18FCH         LINE#         18
  C:1903H         LINE#         19
  C:1909H         LINE#         20
  -------         ENDPROC       GCE_EXT0_IT
  -------         PROC          GCE_EXT1_IT
  C:190AH         LINE#         35
  C:190AH         LINE#         36
  C:190AH         LINE#         37
  C:1911H         LINE#         38
  C:1917H         LINE#         39
  -------         ENDPROC       GCE_EXT1_IT
  -------         ENDMOD        GCE_EXT_DRIVER

  -------         MODULE        GCE_TIMER_DRIVER
  C:0000H         SYMBOL        _ICE_DUMMY_
  D:00C0H         PUBLIC        AN_IF
  B:00A0H.4       PUBLIC        P2_4
  D:0030H         PUBLIC        mS_Count
  D:00B8H         PUBLIC        UART_IF
  D:00C8H         PUBLIC        CAPn_IF
  D:00B8H         PUBLIC        IICn_IF
  D:0080H         PUBLIC        P0_DAT
  D:0090H         PUBLIC        P1_DAT
  D:00A0H         PUBLIC        P2_DAT
  D:00B0H         PUBLIC        P3_DAT
BL51 BANKED LINKER/LOCATER V6.22                                                      05/26/2022  15:33:48  PAGE 30


  D:0098H         PUBLIC        EINT0n_IF
  D:00D8H         PUBLIC        EINT1n_IF
  D:00E8H         PUBLIC        INTn_IE
  D:0088H         PUBLIC        INTn_IF
  D:00B8H         PUBLIC        SPIn_IF
  D:00A8H         PUBLIC        TMRn_IF
  D:00C8H         PUBLIC        PWMn_IF
  D:00F8H         PUBLIC        INTn_IP
  C:13FDH         PUBLIC        GCE_Timer0_IT
  D:00D0H         PUBLIC        PSW
  -------         PROC          GCE_TIMER0_IT
  C:13FDH         LINE#         17
  C:13FDH         LINE#         18
  C:13FDH         LINE#         19
  C:1402H         LINE#         21
  C:1409H         LINE#         22
  C:140EH         LINE#         24
  C:1411H         LINE#         26
  C:1413H         LINE#         27
  C:141AH         LINE#         28
  C:141AH         LINE#         29
  C:141DH         LINE#         30
  C:1426H         LINE#         31
  C:1426H         LINE#         32
  C:1429H         LINE#         33
  C:142CH         LINE#         34
  C:142CH         LINE#         35
  C:1433H         LINE#         36
  C:1433H         LINE#         37
  C:1433H         LINE#         39
  C:1436H         LINE#         40
  C:1436H         LINE#         42
  -------         ENDPROC       GCE_TIMER0_IT
  -------         ENDMOD        GCE_TIMER_DRIVER

  -------         MODULE        GCE_ADC_DRIVER
  C:0000H         SYMBOL        _ICE_DUMMY_
  D:00C0H         PUBLIC        AN_IF
  X:0018H         PUBLIC        ADC_sum
  C:0558H         PUBLIC        _ADC_Sample_Loop
  C:0FE9H         PUBLIC        ADC_Sample
  X:001CH         PUBLIC        sample_time
  D:00E1H         PUBLIC        ADC_C0
  X:001DH         PUBLIC        sample_cnt
  D:00B8H         PUBLIC        UART_IF
  X:001EH         PUBLIC        AD_value_lit
  D:00C8H         PUBLIC        CAPn_IF
  D:00B8H         PUBLIC        IICn_IF
  D:00E5H         PUBLIC        ADC_DH
  D:00E4H         PUBLIC        ADC_DL
  D:0080H         PUBLIC        P0_DAT
  D:0090H         PUBLIC        P1_DAT
  D:00A0H         PUBLIC        P2_DAT
  D:00B0H         PUBLIC        P3_DAT
  X:0022H         PUBLIC        ADC_channel_ptr
  D:0098H         PUBLIC        EINT0n_IF
  X:0023H         PUBLIC        _ADC_end
BL51 BANKED LINKER/LOCATER V6.22                                                      05/26/2022  15:33:48  PAGE 31


  D:00D8H         PUBLIC        EINT1n_IF
  D:00E8H         PUBLIC        INTn_IE
  D:0088H         PUBLIC        INTn_IF
  D:00B8H         PUBLIC        SPIn_IF
  D:00A8H         PUBLIC        TMRn_IF
  D:00C8H         PUBLIC        PWMn_IF
  D:00F8H         PUBLIC        INTn_IP
  C:1948H         PUBLIC        _ADC_Init_Channel
  D:002CH         PUBLIC        ADC_Channel
  X:0024H         PUBLIC        ADC_value_buf
  X:0026H         PUBLIC        ADC_min
  X:0028H         PUBLIC        ADC_max
  D:002EH         PUBLIC        zero_val_count
  D:00D0H         PUBLIC        PSW
  -------         PROC          _ADC_INIT_CHANNEL
  D:0007H         SYMBOL        _channel
  C:1948H         LINE#         23
  C:1948H         LINE#         24
  C:1948H         LINE#         25
  C:194DH         LINE#         26
  -------         ENDPROC       _ADC_INIT_CHANNEL
  -------         PROC          _ADC_SAMPLE_LOOP
  D:0007H         SYMBOL        _channel
  D:0005H         SYMBOL        _interval_time
  D:001BH         SYMBOL        _reject_count
  D:001CH         SYMBOL        _total_sample_count
  -------         DO            
  D:001DH         SYMBOL        ADC_buf
  D:001FH         SYMBOL        temp_x
  -------         ENDDO         
  C:0558H         LINE#         50
  C:055AH         LINE#         51
  C:055AH         LINE#         55
  C:0563H         LINE#         56
  C:0563H         LINE#         58
  C:0569H         LINE#         59
  C:0571H         LINE#         60
  C:0571H         LINE#         62
  C:0571H         LINE#         63
  C:0576H         LINE#         64
  C:0576H         LINE#         70
  C:0580H         LINE#         75
  C:0583H         LINE#         78
  C:0587H         LINE#         79
  C:058EH         LINE#         80
  C:058EH         LINE#         81
  C:0592H         LINE#         83
  C:0592H         LINE#         87
  C:0598H         LINE#         88
  C:0598H         LINE#         89
  C:059AH         LINE#         90
  C:05A1H         LINE#         91
  C:05A1H         LINE#         92
  C:05A8H         LINE#         94
  C:05A8H         LINE#         95
  C:05A8H         LINE#         97
  C:05A8H         LINE#         98
BL51 BANKED LINKER/LOCATER V6.22                                                      05/26/2022  15:33:48  PAGE 32


  C:05ABH         LINE#         99
  C:05ABH         LINE#         103
  C:05AFH         LINE#         104
  C:05AFH         LINE#         105
  C:05B4H         LINE#         107
  C:05B4H         LINE#         108
  C:05C7H         LINE#         109
  C:05C7H         LINE#         110
  C:05D2H         LINE#         112
  C:05D2H         LINE#         113
  C:05E2H         LINE#         114
  C:05E2H         LINE#         115
  C:05F6H         LINE#         116
  C:05F6H         LINE#         117
  C:0606H         LINE#         118
  C:0606H         LINE#         119
  C:061AH         LINE#         120
  C:061AH         LINE#         121
  C:063FH         LINE#         123
  C:064BH         LINE#         124
  C:064BH         LINE#         126
  C:064BH         LINE#         127
  C:0650H         LINE#         128
  C:0685H         LINE#         129
  C:06BAH         LINE#         130
  C:06E8H         LINE#         132
  C:06F2H         LINE#         133
  C:06F8H         LINE#         134
  -------         ENDPROC       _ADC_SAMPLE_LOOP
  -------         PROC          ADC_SAMPLE
  C:0FE9H         LINE#         148
  C:0FE9H         LINE#         149
  C:0FE9H         LINE#         150
  C:0FF4H         LINE#         151
  C:0FF4H         LINE#         153
  C:0FF4H         LINE#         154
  C:0FFBH         LINE#         155
  C:1001H         LINE#         156
  C:1001H         LINE#         158
  C:1024H         LINE#         160
  C:102AH         LINE#         161
  C:1030H         LINE#         162
  C:1032H         LINE#         164
  C:103EH         LINE#         165
  C:1041H         LINE#         166
  C:1046H         LINE#         167
  C:104AH         LINE#         168
  C:104BH         LINE#         170
  C:104BH         LINE#         171
  C:105EH         LINE#         172
  C:105EH         LINE#         173
  -------         ENDPROC       ADC_SAMPLE
  -------         ENDMOD        GCE_ADC_DRIVER

  -------         MODULE        EXV_DRIVER
  C:0000H         SYMBOL        _ICE_DUMMY_
  D:00C0H         PUBLIC        AN_IF
BL51 BANKED LINKER/LOCATER V6.22                                                      05/26/2022  15:33:48  PAGE 33


  C:16E3H         PUBLIC        _EXV_UD_Out
  B:0080H.0       PUBLIC        P0_0
  C:193AH         PUBLIC        UD_Step_Tab
  B:0090H.5       PUBLIC        P1_5
  B:0090H.6       PUBLIC        P1_6
  B:0090H.7       PUBLIC        P1_7
  C:0B79H         PUBLIC        EXV_UD_run
  D:00B8H         PUBLIC        UART_IF
  D:00C8H         PUBLIC        CAPn_IF
  D:00B8H         PUBLIC        IICn_IF
  D:0080H         PUBLIC        P0_DAT
  D:0090H         PUBLIC        P1_DAT
  D:00A0H         PUBLIC        P2_DAT
  D:00B0H         PUBLIC        P3_DAT
  D:0098H         PUBLIC        EINT0n_IF
  D:00D8H         PUBLIC        EINT1n_IF
  D:00E8H         PUBLIC        INTn_IE
  D:0088H         PUBLIC        INTn_IF
  D:00B8H         PUBLIC        SPIn_IF
  D:00A8H         PUBLIC        TMRn_IF
  D:00C8H         PUBLIC        PWMn_IF
  D:00F8H         PUBLIC        INTn_IP
  X:0040H         PUBLIC        EXV_UD
  D:00D0H         PUBLIC        PSW
  -------         PROC          _EXV_UD_OUT
  D:0007H         SYMBOL        _io_data
  C:16E3H         LINE#         17
  C:16E3H         LINE#         18
  C:16E3H         LINE#         19
  C:16E7H         LINE#         20
  C:16EBH         LINE#         22
  C:16EDH         LINE#         24
  C:16F1H         LINE#         25
  C:16F5H         LINE#         27
  C:16F7H         LINE#         29
  C:16FBH         LINE#         30
  C:16FFH         LINE#         32
  C:1701H         LINE#         34
  C:1705H         LINE#         35
  C:1708H         LINE#         37
  C:170AH         LINE#         38
  -------         ENDPROC       _EXV_UD_OUT
  -------         PROC          EXV_UD_RUN
  C:0B79H         LINE#         70
  C:0B79H         LINE#         71
  C:0B79H         LINE#         72
  C:0B88H         LINE#         73
  C:0B94H         LINE#         75
  C:0B9AH         LINE#         77
  C:0BACH         LINE#         78
  C:0BACH         LINE#         79
  C:0BB3H         LINE#         80
  C:0BB6H         LINE#         82
  C:0BB6H         LINE#         84
  C:0BC5H         LINE#         85
  C:0BC5H         LINE#         86
  C:0BD1H         LINE#         87
BL51 BANKED LINKER/LOCATER V6.22                                                      05/26/2022  15:33:48  PAGE 34


  C:0BD7H         LINE#         89
  C:0BD7H         LINE#         91
  C:0BE4H         LINE#         92
  C:0BE4H         LINE#         94
  C:0BE9H         LINE#         96
  C:0BFFH         LINE#         97
  C:0BFFH         LINE#         98
  C:0C05H         LINE#         99
  C:0C0AH         LINE#         101
  C:0C10H         LINE#         102
  C:0C1EH         LINE#         103
  C:0C20H         LINE#         104
  C:0C27H         LINE#         105
  C:0C27H         LINE#         106
  C:0C2DH         LINE#         107
  C:0C33H         LINE#         108
  C:0C35H         LINE#         109
  C:0C43H         LINE#         110
  C:0C43H         LINE#         112
  C:0C4FH         LINE#         113
  -------         ENDPROC       EXV_UD_RUN
  -------         ENDMOD        EXV_DRIVER

  -------         MODULE        COMMUNICATION_DRIVER
  C:0000H         SYMBOL        _ICE_DUMMY_
  D:00C0H         PUBLIC        AN_IF
  B:0090H.3       PUBLIC        P1_3
  B:0090H.4       PUBLIC        P1_4
  X:0000H         PUBLIC        TXD_L_timer
  D:00B8H         PUBLIC        UART_IF
  X:0001H         PUBLIC        Communication_Width_Count
  D:00C8H         PUBLIC        CAPn_IF
  D:00B8H         PUBLIC        IICn_IF
  C:163FH         PUBLIC        Communication_Rxd_IRQ_deal
  X:0002H         PUBLIC        Rxd_bytes
  D:0080H         PUBLIC        P0_DAT
  D:0090H         PUBLIC        P1_DAT
  D:00A0H         PUBLIC        P2_DAT
  C:0C50H         PUBLIC        Communication_Rxd_IRQ
  D:00B0H         PUBLIC        P3_DAT
  C:0A83H         PUBLIC        Communication_Txd_IRQ
  D:0098H         PUBLIC        EINT0n_IF
  D:00D8H         PUBLIC        EINT1n_IF
  X:0003H         PUBLIC        Rxd_bits
  D:00E8H         PUBLIC        INTn_IE
  D:0088H         PUBLIC        INTn_IF
[...]
  D:00E8H         PUBLIC        INTn_IE
  D:0088H         PUBLIC        INTn_IF
  D:00B8H         PUBLIC        SPIn_IF
  D:00A8H         PUBLIC        TMRn_IF
  D:00C8H         PUBLIC        PWMn_IF
  D:00F8H         PUBLIC        INTn_IP
  D:00D0H         PUBLIC        PSW
  -------         ENDMOD        GCE_UART_DRIVER

  -------         MODULE        GCE_MCU_INIT
  C:0000H         SYMBOL        _ICE_DUMMY_
  D:00C0H         PUBLIC        AN_IF
  B:00E8H.0       PUBLIC        INT0_IE
  B:00E8H.1       PUBLIC        INT1_IE
  B:0088H.0       PUBLIC        INT0_IF
  C:003EH         PUBLIC        WatchDog_Init
  B:00E8H.2       PUBLIC        INT2_IE
  B:0088H.1       PUBLIC        INT1_IF
  C:0EB8H         PUBLIC        IO_Init
  D:0084H         PUBLIC        WDT_C
  C:166AH         PUBLIC        MCU_Initial
  D:00BCH         PUBLIC        PWM0_OC
  C:18AEH         PUBLIC        EXT0_Init
  C:18D9H         PUBLIC        EXT1_Init
  D:0086H         PUBLIC        PORT_C0
  C:15E6H         PUBLIC        PWM0_Init
  D:00E1H         PUBLIC        ADC_C0
  D:00E2H         PUBLIC        ADC_C1
BL51 BANKED LINKER/LOCATER V6.22                                                      05/26/2022  15:33:48  PAGE 38


  D:00E3H         PUBLIC        ADC_C2
  D:00BFH         PUBLIC        PWM0_DT
  C:1852H         PUBLIC        MCU_Enter_Sleep
  C:1881H         PUBLIC        Timer0_Init
  D:00B8H         PUBLIC        UART_IF
  D:0087H         PUBLIC        PCON
  D:00C8H         PUBLIC        CAPn_IF
  D:00B8H         PUBLIC        IICn_IF
  D:0080H         PUBLIC        P0_DAT
  D:0090H         PUBLIC        P1_DAT
  D:00A0H         PUBLIC        P2_DAT
  D:00B0H         PUBLIC        P3_DAT
  C:18EDH         PUBLIC        ADC_Init
  D:0098H         PUBLIC        EINT0n_IF
  D:00D8H         PUBLIC        EINT1n_IF
  D:00BBH         PUBLIC        PWM0_C
  D:00E8H         PUBLIC        INTn_IE
  D:0088H         PUBLIC        INTn_IF
  D:00B8H         PUBLIC        SPIn_IF
  D:00BEH         PUBLIC        PWM0_R0H
  C:1918H         PUBLIC        ___delay
  D:00C2H         PUBLIC        PWM0_R1H
  D:009DH         PUBLIC        TMRn_IE
  D:00A8H         PUBLIC        TMRn_IF
  D:00C8H         PUBLIC        PWMn_IF
  D:00BDH         PUBLIC        PWM0_R0L
  D:00F8H         PUBLIC        INTn_IP
  B:00E8H.7       PUBLIC        GIE
  D:00C1H         PUBLIC        PWM0_R1L
  D:00EFH         PUBLIC        VREF_C
  D:00E6H         PUBLIC        ADC_CMP_C0
  C:0046H         PUBLIC        Priority_Init
  D:00A7H         PUBLIC        TMR0_CYH
  D:00ADH         PUBLIC        TMR1_CYH
  D:00A5H         PUBLIC        TMR0H
  D:00ABH         PUBLIC        TMR1H
  D:00A6H         PUBLIC        TMR0_CYL
  C:1516H         PUBLIC        Startup_Init
  D:00ACH         PUBLIC        TMR1_CYL
  D:00A4H         PUBLIC        TMR0L
  D:00AAH         PUBLIC        TMR1L
  D:0099H         PUBLIC        ADC_TG_R0L
  D:008BH         PUBLIC        P0_OE
  D:008CH         PUBLIC        P1_OE
  D:008DH         PUBLIC        P2_OE
  D:00A2H         PUBLIC        TMR0_C0
  D:008EH         PUBLIC        P3_OE
  D:00A9H         PUBLIC        TMR1_C0
  D:00D0H         PUBLIC        PSW
  -------         PROC          WATCHDOG_INIT
  C:003EH         LINE#         75
  C:003EH         LINE#         76
  C:003EH         LINE#         88
  C:0041H         LINE#         89
  -------         ENDPROC       WATCHDOG_INIT
  -------         PROC          PRIORITY_INIT
  C:0046H         LINE#         104
BL51 BANKED LINKER/LOCATER V6.22                                                      05/26/2022  15:33:48  PAGE 39


  C:0046H         LINE#         105
  C:0046H         LINE#         137
  C:0049H         LINE#         138
  -------         ENDPROC       PRIORITY_INIT
  -------         PROC          ___DELAY
  D:0006H         SYMBOL        _time
  C:1918H         LINE#         152
  C:1918H         LINE#         153
  C:1918H         LINE#         154
  C:191CH         LINE#         155
  C:1923H         LINE#         156
  -------         ENDPROC       ___DELAY
  -------         PROC          STARTUP_INIT
  C:1516H         LINE#         169
  C:1516H         LINE#         170
  C:1516H         LINE#         182
  C:151CH         LINE#         185
  C:1523H         LINE#         188
  C:153CH         LINE#         189
  C:154BH         LINE#         190
  -------         ENDPROC       STARTUP_INIT
  -------         PROC          IO_INIT
  C:0EB8H         LINE#         211
  C:0EB8H         LINE#         212
  C:0EB8H         LINE#         232
  C:0EBBH         LINE#         237
  C:0EC0H         LINE#         239
  C:0EC5H         LINE#         241
  C:0ECAH         LINE#         247
  C:0ECEH         LINE#         249
  C:0ED4H         LINE#         251
  C:0ED7H         LINE#         253
  C:0EDDH         LINE#         254
  C:0EE8H         LINE#         258
  C:0EEBH         LINE#         264
  C:0EEFH         LINE#         266
  C:0EF3H         LINE#         268
  C:0EF9H         LINE#         274
  C:0EFEH         LINE#         280
  C:0F00H         LINE#         282
  C:0F04H         LINE#         284
  C:0F07H         LINE#         286
  C:0F0DH         LINE#         288
  C:0F10H         LINE#         289
  C:0F1BH         LINE#         295
  C:0F21H         LINE#         297
  C:0F26H         LINE#         299
  C:0F2CH         LINE#         305
  C:0F2FH         LINE#         307
  C:0F35H         LINE#         309
  C:0F3AH         LINE#         312
  C:0F3CH         LINE#         318
  C:0F40H         LINE#         320
  C:0F44H         LINE#         322
  C:0F4AH         LINE#         328
  C:0F50H         LINE#         334
  C:0F53H         LINE#         336
BL51 BANKED LINKER/LOCATER V6.22                                                      05/26/2022  15:33:48  PAGE 40


  C:0F59H         LINE#         338
  C:0F5CH         LINE#         340
  C:0F61H         LINE#         343
  C:0F64H         LINE#         351
  -------         ENDPROC       IO_INIT
  -------         PROC          TIMER0_INIT
  -------         DO            
  D:0004H         SYMBOL        time_val
  -------         ENDDO         
  C:1881H         LINE#         363
  C:1881H         LINE#         364
  C:1881H         LINE#         378
  C:1882H         LINE#         380
  C:1884H         LINE#         383
  C:1886H         LINE#         384
  C:1888H         LINE#         385
  C:188BH         LINE#         387
  C:188DH         LINE#         388
  C:188FH         LINE#         390
  C:1892H         LINE#         391
  C:1895H         LINE#         393
  C:1897H         LINE#         395
  -------         ENDPROC       TIMER0_INIT
  -------         PROC          ADC_INIT
  C:18EDH         LINE#         409
  C:18EDH         LINE#         410
  C:18EDH         LINE#         505
  C:18F0H         LINE#         506
  C:18F2H         LINE#         507
  C:18F5H         LINE#         509
  C:18F8H         LINE#         512
  C:18FBH         LINE#         513
  -------         ENDPROC       ADC_INIT
  -------         PROC          EXT0_INIT
  C:18AEH         LINE#         703
  C:18AEH         LINE#         704
  C:18AEH         LINE#         729
  C:18B0H         LINE#         732
  C:18B5H         LINE#         733
  C:18BBH         LINE#         734
  C:18C1H         LINE#         735
  C:18C3H         LINE#         736
  -------         ENDPROC       EXT0_INIT
  -------         PROC          EXT1_INIT
  C:18D9H         LINE#         752
  C:18D9H         LINE#         753
  C:18D9H         LINE#         778
  C:18DBH         LINE#         781
  C:18E0H         LINE#         782
  C:18E6H         LINE#         783
  C:18EAH         LINE#         784
  C:18ECH         LINE#         785
  -------         ENDPROC       EXT1_INIT
  -------         PROC          PWM0_INIT
  -------         DO            
  D:0019H         SYMBOL        time_val
  -------         ENDDO         
BL51 BANKED LINKER/LOCATER V6.22                                                      05/26/2022  15:33:48  PAGE 41


  C:15E6H         LINE#         799
  C:15E6H         LINE#         800
  C:15E6H         LINE#         801
  C:15EBH         LINE#         871
  C:15EEH         LINE#         872
  C:15F1H         LINE#         875
  C:15F4H         LINE#         876
  C:15F7H         LINE#         882
  C:15F9H         LINE#         884
  C:15FCH         LINE#         886
  C:15FEH         LINE#         887
  C:1600H         LINE#         889
  C:1602H         LINE#         890
  C:1605H         LINE#         892
  C:1607H         LINE#         894
  C:1609H         LINE#         895
  C:160BH         LINE#         897
  C:160DH         LINE#         898
  C:160FH         LINE#         900
  C:1612H         LINE#         901
  -------         ENDPROC       PWM0_INIT
  -------         PROC          MCU_ENTER_SLEEP
  C:1852H         LINE#         1022
  C:1852H         LINE#         1023
  C:1852H         LINE#         1047
  C:1857H         LINE#         1048
  C:185AH         LINE#         1049
  C:185BH         LINE#         1050
  C:185CH         LINE#         1051
  C:185FH         LINE#         1052
  C:1862H         LINE#         1053
  C:1865H         LINE#         1055
  C:1866H         LINE#         1056
  C:1867H         LINE#         1058
  -------         ENDPROC       MCU_ENTER_SLEEP
  -------         PROC          MCU_INITIAL
  C:166AH         LINE#         1119
  C:166AH         LINE#         1120
  C:166AH         LINE#         1121
  C:166CH         LINE#         1122
  C:166FH         LINE#         1124
  C:1672H         LINE#         1126
  C:1675H         LINE#         1134
  C:1678H         LINE#         1149
  C:167BH         LINE#         1159
  C:167EH         LINE#         1164
  C:1681H         LINE#         1168
  C:1684H         LINE#         1172
  C:1687H         LINE#         1178
  C:168AH         LINE#         1179
  C:168DH         LINE#         1181
  C:1690H         LINE#         1182
  C:1692H         LINE#         1183
  -------         ENDPROC       MCU_INITIAL
  -------         ENDMOD        GCE_MCU_INIT

  -------         MODULE        GCE_MCU_INTERRUPT
BL51 BANKED LINKER/LOCATER V6.22                                                      05/26/2022  15:33:48  PAGE 42


  C:0000H         SYMBOL        _ICE_DUMMY_
  D:00C0H         PUBLIC        AN_IF
  C:130BH         PUBLIC        Interrupt_INT0_VECTOR
  C:1349H         PUBLIC        Interrupt_INT1_VECTOR
  C:1168H         PUBLIC        Interrupt_INT2_VECTOR
  C:170BH         PUBLIC        Interrupt_INT3_VECTOR
  C:194EH         PUBLIC        Interrupt_INT4_VECTOR
  C:003AH         PUBLIC        Interrupt_INT5_VECTOR
  C:1954H         PUBLIC        Interrupt_INT6_VECTOR
  B:00C0H.1       PUBLIC        TK_IF
  B:00A8H.0       PUBLIC        TMR0_IF
  D:00B8H         PUBLIC        UART_IF
  D:00C8H         PUBLIC        CAPn_IF
  D:00B8H         PUBLIC        IICn_IF
  D:0080H         PUBLIC        P0_DAT
  D:00D6H         PUBLIC        UART0_RXB
  D:0090H         PUBLIC        P1_DAT
  D:00FDH         PUBLIC        UART1_RXB
  D:00A0H         PUBLIC        P2_DAT
  D:00B0H         PUBLIC        P3_DAT
  D:0098H         PUBLIC        EINT0n_IF
  D:00D8H         PUBLIC        EINT1n_IF
  D:00E8H         PUBLIC        INTn_IE
  B:00B8H.0       PUBLIC        RX0_IF
  D:0088H         PUBLIC        INTn_IF
  B:00B8H.2       PUBLIC        RX1_IF
  D:00B8H         PUBLIC        SPIn_IF
  B:00B8H.1       PUBLIC        TX0_IF
  B:00B8H.3       PUBLIC        TX1_IF
  D:00A8H         PUBLIC        TMRn_IF
  D:00C8H         PUBLIC        PWMn_IF
  D:00F8H         PUBLIC        INTn_IP
  B:00C0H.2       PUBLIC        LVD_IF
  D:00D0H         PUBLIC        PSW
  -------         PROC          INTERRUPT_INT0_VECTOR
  C:130BH         LINE#         28
  C:1328H         LINE#         30
  C:132BH         LINE#         32
  C:132EH         LINE#         36
  -------         ENDPROC       INTERRUPT_INT0_VECTOR
  -------         PROC          INTERRUPT_INT1_VECTOR
  C:1349H         LINE#         38
  C:1366H         LINE#         40
  C:1369H         LINE#         42
  C:136CH         LINE#         46
  -------         ENDPROC       INTERRUPT_INT1_VECTOR
  -------         PROC          INTERRUPT_INT2_VECTOR
  -------         DO            
  D:0031H         SYMBOL        Timer0_Cnt
  -------         ENDDO         
  C:1168H         LINE#         59
  C:1185H         LINE#         65
  C:1188H         LINE#         66
  C:1188H         LINE#         67
  C:118AH         LINE#         69
  C:118DH         LINE#         76
  C:118FH         LINE#         77
BL51 BANKED LINKER/LOCATER V6.22                                                      05/26/2022  15:33:48  PAGE 43


  C:1196H         LINE#         78
  C:1196H         LINE#         79
  C:1199H         LINE#         80
  C:119CH         LINE#         81
  C:119CH         LINE#         85
  C:119CH         LINE#         89
  C:119FH         LINE#         91
  -------         ENDPROC       INTERRUPT_INT2_VECTOR
  -------         PROC          INTERRUPT_INT3_VECTOR
  -------         DO            
  D:0007H         SYMBOL        rxdata
  -------         ENDDO         
  C:170BH         LINE#         104
  C:1714H         LINE#         106
  C:1714H         LINE#         108
  C:1717H         LINE#         109
  C:1717H         LINE#         110
  C:1719H         LINE#         111
  C:171BH         LINE#         129
  C:171BH         LINE#         131
  C:171EH         LINE#         132
  C:171EH         LINE#         133
  C:1720H         LINE#         134
  C:1722H         LINE#         152
  C:1722H         LINE#         154
  C:1725H         LINE#         155
  C:1725H         LINE#         177
  C:1727H         LINE#         178
  C:1727H         LINE#         180
  C:172AH         LINE#         181
  C:172AH         LINE#         202
  C:172CH         LINE#         203
  C:172CH         LINE#         205
  -------         ENDPROC       INTERRUPT_INT3_VECTOR
  -------         PROC          INTERRUPT_INT4_VECTOR
  C:194EH         LINE#         207
  C:194EH         LINE#         210
  C:1951H         LINE#         211
  C:1951H         LINE#         219
  C:1953H         LINE#         221
  C:1953H         LINE#         222
  -------         ENDPROC       INTERRUPT_INT4_VECTOR
  -------         PROC          INTERRUPT_INT5_VECTOR
  C:003AH         LINE#         224
  C:003AH         LINE#         227
  -------         ENDPROC       INTERRUPT_INT5_VECTOR
  -------         PROC          INTERRUPT_INT6_VECTOR
  C:1954H         LINE#         229
  C:1954H         LINE#         231
  C:1957H         LINE#         232
  C:1957H         LINE#         233
  C:1959H         LINE#         235
  C:1959H         LINE#         236
  -------         ENDPROC       INTERRUPT_INT6_VECTOR
  -------         ENDMOD        GCE_MCU_INTERRUPT

  -------         MODULE        ?C_STARTUP
BL51 BANKED LINKER/LOCATER V6.22                                                      05/26/2022  15:33:48  PAGE 44


  C:0D20H         SEGMENT       ?C_C51STARTUP
  I:0032H         SEGMENT       ?STACK
  C:0000H         PUBLIC        ?C_STARTUP
  D:00E0H         SYMBOL        ACC
  D:00F0H         SYMBOL        B
  D:0083H         SYMBOL        DPH
  D:0082H         SYMBOL        DPL
  N:0000H         SYMBOL        IBPSTACK
  N:0100H         SYMBOL        IBPSTACKTOP
  N:0080H         SYMBOL        IDATALEN
  C:0D32H         SYMBOL        IDATALOOP
  N:0000H         SYMBOL        PBPSTACK
  N:0100H         SYMBOL        PBPSTACKTOP
  N:0000H         SYMBOL        PDATALEN
  N:0000H         SYMBOL        PDATASTART
  N:0000H         SYMBOL        PPAGE
  N:0000H         SYMBOL        PPAGEENABLE
  D:00A0H         SYMBOL        PPAGE_SFR
  D:0081H         SYMBOL        SP
  C:0D20H         SYMBOL        STARTUP1
  N:0000H         SYMBOL        XBPSTACK
  N:0000H         SYMBOL        XBPSTACKTOP
  N:0000H         SYMBOL        XDATALEN
  N:0000H         SYMBOL        XDATASTART
  C:0000H         LINE#         126
  C:0D20H         LINE#         131
  C:0D23H         LINE#         132
  C:0D26H         LINE#         133
  C:0D28H         LINE#         134
  C:0D29H         LINE#         136
  C:0D2CH         LINE#         137
  C:0D2EH         LINE#         138
  C:0D2FH         LINE#         140
  C:0D31H         LINE#         141
  C:0D32H         LINE#         142
  C:0D33H         LINE#         143
  C:0D35H         LINE#         192
  C:0D38H         LINE#         205
  C:0D3BH         LINE#         206
  C:0D3DH         LINE#         207
  C:0D3EH         LINE#         209
  C:0D41H         LINE#         210
  C:0D43H         LINE#         211
  C:0D44H         LINE#         213
  C:0D47H         LINE#         214
  C:0D48H         LINE#         216
  C:0D4AH         LINE#         217
  C:0D4DH         LINE#         218
  C:0D4EH         LINE#         220
  C:0D51H         LINE#         221
  C:0D54H         LINE#         222
  C:0D56H         LINE#         223
  C:0D57H         LINE#         224
  C:0D59H         LINE#         226
  C:0D5CH         LINE#         227
  C:0D5EH         LINE#         228
  C:0D5FH         LINE#         229
BL51 BANKED LINKER/LOCATER V6.22                                                      05/26/2022  15:33:48  PAGE 45


  C:0D61H         LINE#         230
  C:0D64H         LINE#         232
  C:0D67H         LINE#         233
  C:0D69H         LINE#         234
  C:0D6AH         LINE#         236
  -------         ENDMOD        ?C_STARTUP

  -------         MODULE        ?C?COPY
  C:012EH         PUBLIC        ?C?COPY
  -------         ENDMOD        ?C?COPY

  -------         MODULE        ?C?CLDOPTR
  C:0154H         PUBLIC        ?C?CLDOPTR
  -------         ENDMOD        ?C?CLDOPTR

  -------         MODULE        ?C?CSTOPTR
  C:0181H         PUBLIC        ?C?CSTOPTR
  -------         ENDMOD        ?C?CSTOPTR

  -------         MODULE        ?C?LMUL
  C:01A3H         PUBLIC        ?C?LMUL
  -------         ENDMOD        ?C?LMUL

  -------         MODULE        ?C?ULDIV
  C:022EH         PUBLIC        ?C?ULDIV
  -------         ENDMOD        ?C?ULDIV

  -------         MODULE        ?C?ULCMP
  C:02C0H         PUBLIC        ?C?ULCMP
  -------         ENDMOD        ?C?ULCMP

  -------         MODULE        ?C?ULSHR
  C:02D1H         PUBLIC        ?C?ULSHR
  -------         ENDMOD        ?C?ULSHR

  -------         MODULE        ?C?LSHL
  C:02E4H         PUBLIC        ?C?LSHL
  -------         ENDMOD        ?C?LSHL

  -------         MODULE        ?C?LLDIIDATA
  C:0300H         PUBLIC        ?C?LLDIIDATA
  C:02F7H         PUBLIC        ?C?LLDIIDATA1
  C:02F9H         PUBLIC        ?C?LLDIIDATA8
  -------         ENDMOD        ?C?LLDIIDATA

  -------         MODULE        ?C?LSTXDATA
  C:0317H         PUBLIC        ?C?LSTXDATA
  -------         ENDMOD        ?C?LSTXDATA

  -------         MODULE        ?C?LSTKXDATA
  C:0323H         PUBLIC        ?C?LSTKXDATA
  -------         ENDMOD        ?C?LSTKXDATA

*** WARNING L16: UNCALLED SEGMENT, IGNORED FOR OVERLAY PROCESS
    SEGMENT: ?PR?SHT30_SLEEP_DEAL?SHT30_I2C

*** WARNING L1: UNRESOLVED EXTERNAL SYMBOL
BL51 BANKED LINKER/LOCATER V6.22                                                      05/26/2022  15:33:48  PAGE 46


    SYMBOL:  UART0_FLAG
    MODULE:  .\GCE_Timer_Driver.obj (GCE_TIMER_DRIVER)

*** WARNING L1: UNRESOLVED EXTERNAL SYMBOL
    SYMBOL:  UART0_RXD_DELAY
    MODULE:  .\GCE_Timer_Driver.obj (GCE_TIMER_DRIVER)

*** WARNING L2: REFERENCE MADE TO UNRESOLVED EXTERNAL
    SYMBOL:  UART0_RXD_DELAY
    MODULE:  .\GCE_Timer_Driver.obj (GCE_TIMER_DRIVER)
    ADDRESS: 141EH

*** WARNING L2: REFERENCE MADE TO UNRESOLVED EXTERNAL
    SYMBOL:  UART0_FLAG
    MODULE:  .\GCE_Timer_Driver.obj (GCE_TIMER_DRIVER)
    ADDRESS: 142DH

Program Size: data=51.0 xdata=90 code=6487
LINK/LOCATE RUN COMPLETE.  5 WARNING(S),  0 ERROR(S)
